<?xml version="1.0" encoding="ISO-8859-1" ?>
<link_info>
   <banner>TMS320C2000 Linker PC v22.6.1.LTS</banner>
   <copyright>Copyright (c) 1996-2018 Texas Instruments Incorporated</copyright>
   <link_time>0x6a389a8a</link_time>
   <link_errors>0x0</link_errors>
   <output_file>F28069PackBMSRack2.out</output_file>
   <entry_point>
      <name>_c_int00</name>
      <address>0x3f7740</address>
   </entry_point>
   <input_file_list>
      <input_file id="fl-2">
         <path>.\C2806XSrc\</path>
         <kind>object</kind>
         <file>F2806x_Adc.obj</file>
         <name>F2806x_Adc.obj</name>
      </input_file>
      <input_file id="fl-3">
         <path>.\C2806XSrc\</path>
         <kind>object</kind>
         <file>F2806x_CSMPasswords.obj</file>
         <name>F2806x_CSMPasswords.obj</name>
      </input_file>
      <input_file id="fl-4">
         <path>.\C2806XSrc\</path>
         <kind>object</kind>
         <file>F2806x_CodeStartBranch.obj</file>
         <name>F2806x_CodeStartBranch.obj</name>
      </input_file>
      <input_file id="fl-5">
         <path>.\C2806XSrc\</path>
         <kind>object</kind>
         <file>F2806x_CpuTimers.obj</file>
         <name>F2806x_CpuTimers.obj</name>
      </input_file>
      <input_file id="fl-6">
         <path>.\C2806XSrc\</path>
         <kind>object</kind>
         <file>F2806x_DBGIER.obj</file>
         <name>F2806x_DBGIER.obj</name>
      </input_file>
      <input_file id="fl-7">
         <path>.\C2806XSrc\</path>
         <kind>object</kind>
         <file>F2806x_DefaultIsr.obj</file>
         <name>F2806x_DefaultIsr.obj</name>
      </input_file>
      <input_file id="fl-8">
         <path>.\C2806XSrc\</path>
         <kind>object</kind>
         <file>F2806x_Dma.obj</file>
         <name>F2806x_Dma.obj</name>
      </input_file>
      <input_file id="fl-9">
         <path>.\C2806XSrc\</path>
         <kind>object</kind>
         <file>F2806x_ECan.obj</file>
         <name>F2806x_ECan.obj</name>
      </input_file>
      <input_file id="fl-a">
         <path>.\C2806XSrc\</path>
         <kind>object</kind>
         <file>F2806x_EPwm.obj</file>
         <name>F2806x_EPwm.obj</name>
      </input_file>
      <input_file id="fl-b">
         <path>.\C2806XSrc\</path>
         <kind>object</kind>
         <file>F2806x_EQep.obj</file>
         <name>F2806x_EQep.obj</name>
      </input_file>
      <input_file id="fl-c">
         <path>.\C2806XSrc\</path>
         <kind>object</kind>
         <file>F2806x_GlobalVariableDefs.obj</file>
         <name>F2806x_GlobalVariableDefs.obj</name>
      </input_file>
      <input_file id="fl-d">
         <path>.\C2806XSrc\</path>
         <kind>object</kind>
         <file>F2806x_Gpio.obj</file>
         <name>F2806x_Gpio.obj</name>
      </input_file>
      <input_file id="fl-e">
         <path>.\C2806XSrc\</path>
         <kind>object</kind>
         <file>F2806x_I2C.obj</file>
         <name>F2806x_I2C.obj</name>
      </input_file>
      <input_file id="fl-f">
         <path>.\C2806XSrc\</path>
         <kind>object</kind>
         <file>F2806x_Mcbsp.obj</file>
         <name>F2806x_Mcbsp.obj</name>
      </input_file>
      <input_file id="fl-10">
         <path>.\C2806XSrc\</path>
         <kind>object</kind>
         <file>F2806x_MemCopy.obj</file>
         <name>F2806x_MemCopy.obj</name>
      </input_file>
      <input_file id="fl-11">
         <path>.\C2806XSrc\</path>
         <kind>object</kind>
         <file>F2806x_OscComp.obj</file>
         <name>F2806x_OscComp.obj</name>
      </input_file>
      <input_file id="fl-12">
         <path>.\C2806XSrc\</path>
         <kind>object</kind>
         <file>F2806x_PieCtrl.obj</file>
         <name>F2806x_PieCtrl.obj</name>
      </input_file>
      <input_file id="fl-13">
         <path>.\C2806XSrc\</path>
         <kind>object</kind>
         <file>F2806x_PieVect.obj</file>
         <name>F2806x_PieVect.obj</name>
      </input_file>
      <input_file id="fl-14">
         <path>.\C2806XSrc\</path>
         <kind>object</kind>
         <file>F2806x_Sci.obj</file>
         <name>F2806x_Sci.obj</name>
      </input_file>
      <input_file id="fl-15">
         <path>.\C2806XSrc\</path>
         <kind>object</kind>
         <file>F2806x_Spi.obj</file>
         <name>F2806x_Spi.obj</name>
      </input_file>
      <input_file id="fl-16">
         <path>.\C2806XSrc\</path>
         <kind>object</kind>
         <file>F2806x_SysCtrl.obj</file>
         <name>F2806x_SysCtrl.obj</name>
      </input_file>
      <input_file id="fl-17">
         <path>.\C2806XSrc\</path>
         <kind>object</kind>
         <file>F2806x_usDelay.obj</file>
         <name>F2806x_usDelay.obj</name>
      </input_file>
      <input_file id="fl-18">
         <path>.\SysSoure\</path>
         <kind>object</kind>
         <file>BATAlgorithm.obj</file>
         <name>BATAlgorithm.obj</name>
      </input_file>
      <input_file id="fl-19">
         <path>.\SysSoure\</path>
         <kind>object</kind>
         <file>BATCalc.obj</file>
         <name>BATCalc.obj</name>
      </input_file>
      <input_file id="fl-1a">
         <path>.\SysSoure\</path>
         <kind>object</kind>
         <file>BATCellModel.obj</file>
         <name>BATCellModel.obj</name>
      </input_file>
      <input_file id="fl-1b">
         <path>.\SysSoure\</path>
         <kind>object</kind>
         <file>DSP28x_Project.obj</file>
         <name>DSP28x_Project.obj</name>
      </input_file>
      <input_file id="fl-1c">
         <path>.\SysSoure\</path>
         <kind>object</kind>
         <file>NVRAM.obj</file>
         <name>NVRAM.obj</name>
      </input_file>
      <input_file id="fl-1d">
         <path>.\SysSoure\</path>
         <kind>object</kind>
         <file>ProtectRelay.obj</file>
         <name>ProtectRelay.obj</name>
      </input_file>
      <input_file id="fl-1e">
         <path>.\SysSoure\</path>
         <kind>object</kind>
         <file>SpiToCan.obj</file>
         <name>SpiToCan.obj</name>
      </input_file>
      <input_file id="fl-1f">
         <path>.\SysSoure\</path>
         <kind>object</kind>
         <file>main.obj</file>
         <name>main.obj</name>
      </input_file>
      <input_file id="fl-25">
         <kind>object</kind>
         <file>&lt;internal&gt;</file>
         <name>&lt;internal&gt;</name>
      </input_file>
      <input_file id="fl-26">
         <path>C:\ti\ccs1271\ccs\tools\compiler\ti-cgt-c2000_22.6.1.LTS\lib\</path>
         <kind>archive</kind>
         <file>rts2800_fpu32.lib</file>
         <name>s_roundf.c.obj</name>
      </input_file>
      <input_file id="fl-27">
         <path>C:\ti\ccs1271\ccs\tools\compiler\ti-cgt-c2000_22.6.1.LTS\lib\</path>
         <kind>archive</kind>
         <file>rts2800_fpu32.lib</file>
         <name>boot28.asm.obj</name>
      </input_file>
      <input_file id="fl-28">
         <path>C:\ti\ccs1271\ccs\tools\compiler\ti-cgt-c2000_22.6.1.LTS\lib\</path>
         <kind>archive</kind>
         <file>rts2800_fpu32.lib</file>
         <name>fs_div28.asm.obj</name>
      </input_file>
      <input_file id="fl-29">
         <path>C:\ti\ccs1271\ccs\tools\compiler\ti-cgt-c2000_22.6.1.LTS\lib\</path>
         <kind>archive</kind>
         <file>rts2800_fpu32.lib</file>
         <name>cpy_tbl.c.obj</name>
      </input_file>
      <input_file id="fl-2a">
         <path>C:\ti\ccs1271\ccs\tools\compiler\ti-cgt-c2000_22.6.1.LTS\lib\</path>
         <kind>archive</kind>
         <file>rts2800_fpu32.lib</file>
         <name>memcpy.c.obj</name>
      </input_file>
      <input_file id="fl-2b">
         <path>C:\ti\ccs1271\ccs\tools\compiler\ti-cgt-c2000_22.6.1.LTS\lib\</path>
         <kind>archive</kind>
         <file>rts2800_fpu32.lib</file>
         <name>pre_init.c.obj</name>
      </input_file>
      <input_file id="fl-2c">
         <path>C:\ti\ccs1271\ccs\tools\compiler\ti-cgt-c2000_22.6.1.LTS\lib\</path>
         <kind>archive</kind>
         <file>rts2800_fpu32.lib</file>
         <name>startup.c.obj</name>
      </input_file>
      <input_file id="fl-2d">
         <path>C:\ti\ccs1271\ccs\tools\compiler\ti-cgt-c2000_22.6.1.LTS\lib\</path>
         <kind>archive</kind>
         <file>rts2800_fpu32.lib</file>
         <name>exit.c.obj</name>
      </input_file>
      <input_file id="fl-2e">
         <path>C:\ti\ccs1271\ccs\tools\compiler\ti-cgt-c2000_22.6.1.LTS\lib\</path>
         <kind>archive</kind>
         <file>rts2800_fpu32.lib</file>
         <name>_lock.c.obj</name>
      </input_file>
      <input_file id="fl-2f">
         <path>C:\ti\ccs1271\ccs\tools\compiler\ti-cgt-c2000_22.6.1.LTS\lib\</path>
         <kind>archive</kind>
         <file>rts2800_fpu32.lib</file>
         <name>args_main.c.obj</name>
      </input_file>
      <input_file id="fl-30">
         <path>C:\ti\ccs1271\ccs\tools\compiler\ti-cgt-c2000_22.6.1.LTS\lib\</path>
         <kind>archive</kind>
         <file>rts2800_fpu32.lib</file>
         <name>s_floorf.c.obj</name>
      </input_file>
   </input_file_list>
   <object_component_list>
      <object_component id="oc-100">
         <name>.cinit</name>
         <load_address>0x3f7d06</load_address>
         <run_address>0x3f7d06</run_address>
         <size>0x3c</size>
         <input_file_ref idref="fl-1a"/>
      </object_component>
      <object_component id="oc-11b">
         <name>.cinit</name>
         <load_address>0x3f7d42</load_address>
         <run_address>0x3f7d42</run_address>
         <size>0x11</size>
         <input_file_ref idref="fl-1f"/>
      </object_component>
      <object_component id="oc-148">
         <name>.cinit</name>
         <load_address>0x3f7d53</load_address>
         <run_address>0x3f7d53</run_address>
         <size>0xe</size>
         <input_file_ref idref="fl-2d"/>
      </object_component>
      <object_component id="oc-f9">
         <name>.cinit</name>
         <load_address>0x3f7d61</load_address>
         <run_address>0x3f7d61</run_address>
         <size>0x5</size>
         <input_file_ref idref="fl-19"/>
      </object_component>
      <object_component id="oc-62">
         <name>.cinit</name>
         <load_address>0x3f7d66</load_address>
         <run_address>0x3f7d66</run_address>
         <size>0x5</size>
         <input_file_ref idref="fl-5"/>
      </object_component>
      <object_component id="oc-170">
         <name>.cinit:__lock</name>
         <load_address>0x3f7d6b</load_address>
         <run_address>0x3f7d6b</run_address>
         <size>0x5</size>
         <input_file_ref idref="fl-2e"/>
      </object_component>
      <object_component id="oc-17c">
         <name>.cinit:__unlock</name>
         <load_address>0x3f7d70</load_address>
         <run_address>0x3f7d70</run_address>
         <size>0x5</size>
         <input_file_ref idref="fl-2e"/>
      </object_component>
      <object_component id="oc-15e">
         <name>.text</name>
         <load_address>0x3f4000</load_address>
         <run_address>0x3f4000</run_address>
         <size>0x11da</size>
         <input_file_ref idref="fl-1b"/>
      </object_component>
      <object_component id="oc-11d">
         <name>.text:retain</name>
         <load_address>0x3f51da</load_address>
         <run_address>0x3f51da</run_address>
         <size>0xd0e</size>
         <input_file_ref idref="fl-1f"/>
      </object_component>
      <object_component id="oc-176">
         <name>.text</name>
         <load_address>0x3f5ee8</load_address>
         <run_address>0x3f5ee8</run_address>
         <size>0x497</size>
         <input_file_ref idref="fl-9"/>
      </object_component>
      <object_component id="oc-160">
         <name>.text</name>
         <load_address>0x3f637f</load_address>
         <run_address>0x3f637f</run_address>
         <size>0x46f</size>
         <input_file_ref idref="fl-19"/>
      </object_component>
      <object_component id="oc-15f">
         <name>.text</name>
         <load_address>0x3f67ee</load_address>
         <run_address>0x3f67ee</run_address>
         <size>0x445</size>
         <input_file_ref idref="fl-18"/>
      </object_component>
      <object_component id="oc-6e">
         <name>.text:retain</name>
         <load_address>0x3f6c33</load_address>
         <run_address>0x3f6c33</run_address>
         <size>0x39b</size>
         <input_file_ref idref="fl-7"/>
      </object_component>
      <object_component id="oc-16e">
         <name>.text</name>
         <load_address>0x3f6fce</load_address>
         <run_address>0x3f6fce</run_address>
         <size>0x1cd</size>
         <input_file_ref idref="fl-1f"/>
      </object_component>
      <object_component id="oc-17a">
         <name>.text</name>
         <load_address>0x3f719b</load_address>
         <run_address>0x3f719b</run_address>
         <size>0x1a0</size>
         <input_file_ref idref="fl-1d"/>
      </object_component>
      <object_component id="oc-172">
         <name>.text</name>
         <load_address>0x3f733b</load_address>
         <run_address>0x3f733b</run_address>
         <size>0x190</size>
         <input_file_ref idref="fl-16"/>
      </object_component>
      <object_component id="oc-175">
         <name>.text</name>
         <load_address>0x3f74cb</load_address>
         <run_address>0x3f74cb</run_address>
         <size>0x11b</size>
         <input_file_ref idref="fl-d"/>
      </object_component>
      <object_component id="oc-12e">
         <name>.text</name>
         <load_address>0x3f75e6</load_address>
         <run_address>0x3f75e6</run_address>
         <size>0x88</size>
         <input_file_ref idref="fl-28"/>
      </object_component>
      <object_component id="oc-179">
         <name>.text</name>
         <load_address>0x3f766e</load_address>
         <run_address>0x3f766e</run_address>
         <size>0x79</size>
         <input_file_ref idref="fl-5"/>
      </object_component>
      <object_component id="oc-171">
         <name>.text</name>
         <load_address>0x3f76e7</load_address>
         <run_address>0x3f76e7</run_address>
         <size>0x59</size>
         <input_file_ref idref="fl-30"/>
      </object_component>
      <object_component id="oc-127">
         <name>.text</name>
         <load_address>0x3f7740</load_address>
         <run_address>0x3f7740</run_address>
         <size>0x56</size>
         <input_file_ref idref="fl-27"/>
      </object_component>
      <object_component id="oc-166">
         <name>.text</name>
         <load_address>0x3f7796</load_address>
         <run_address>0x3f7796</run_address>
         <size>0x39</size>
         <input_file_ref idref="fl-26"/>
      </object_component>
      <object_component id="oc-165">
         <name>.text</name>
         <load_address>0x3f77cf</load_address>
         <run_address>0x3f77cf</run_address>
         <size>0x29</size>
         <input_file_ref idref="fl-2d"/>
      </object_component>
      <object_component id="oc-173">
         <name>.text</name>
         <load_address>0x3f77f8</load_address>
         <run_address>0x3f77f8</run_address>
         <size>0x28</size>
         <input_file_ref idref="fl-12"/>
      </object_component>
      <object_component id="oc-174">
         <name>.text</name>
         <load_address>0x3f7820</load_address>
         <run_address>0x3f7820</run_address>
         <size>0x26</size>
         <input_file_ref idref="fl-13"/>
      </object_component>
      <object_component id="oc-162">
         <name>.text</name>
         <load_address>0x3f7846</load_address>
         <run_address>0x3f7846</run_address>
         <size>0x24</size>
         <input_file_ref idref="fl-29"/>
      </object_component>
      <object_component id="oc-16d">
         <name>.text</name>
         <load_address>0x3f786a</load_address>
         <run_address>0x3f786a</run_address>
         <size>0x1d</size>
         <input_file_ref idref="fl-2a"/>
      </object_component>
      <object_component id="oc-177">
         <name>.text</name>
         <load_address>0x3f7887</load_address>
         <run_address>0x3f7887</run_address>
         <size>0x13</size>
         <input_file_ref idref="fl-10"/>
      </object_component>
      <object_component id="oc-164">
         <name>.text</name>
         <load_address>0x3f789a</load_address>
         <run_address>0x3f789a</run_address>
         <size>0x12</size>
         <input_file_ref idref="fl-2f"/>
      </object_component>
      <object_component id="oc-17b">
         <name>.text</name>
         <load_address>0x3f78ac</load_address>
         <run_address>0x3f78ac</run_address>
         <size>0x9</size>
         <input_file_ref idref="fl-2e"/>
      </object_component>
      <object_component id="oc-5b">
         <name>.text</name>
         <load_address>0x3f78b5</load_address>
         <run_address>0x3f78b5</run_address>
         <size>0x8</size>
         <input_file_ref idref="fl-4"/>
      </object_component>
      <object_component id="oc-68">
         <name>.text</name>
         <load_address>0x3f78bd</load_address>
         <run_address>0x3f78bd</run_address>
         <size>0x3</size>
         <input_file_ref idref="fl-6"/>
      </object_component>
      <object_component id="oc-161">
         <name>.text</name>
         <load_address>0x3f78c0</load_address>
         <run_address>0x3f78c0</run_address>
         <size>0x2</size>
         <input_file_ref idref="fl-2b"/>
      </object_component>
      <object_component id="oc-163">
         <name>.text</name>
         <load_address>0x3f78c2</load_address>
         <run_address>0x3f78c2</run_address>
         <size>0x1</size>
         <input_file_ref idref="fl-2c"/>
      </object_component>
      <object_component id="oc-5c">
         <name>codestart</name>
         <load_address>0x3f7ff6</load_address>
         <run_address>0x3f7ff6</run_address>
         <size>0x2</size>
         <input_file_ref idref="fl-4"/>
      </object_component>
      <object_component id="oc-178">
         <name>ramfuncs</name>
         <load_address>0x3e8000</load_address>
         <run_address>0x8000</run_address>
         <size>0x1b</size>
         <input_file_ref idref="fl-16"/>
      </object_component>
      <object_component id="oc-ee">
         <name>ramfuncs</name>
         <load_address>0x3e801b</load_address>
         <run_address>0x801b</run_address>
         <size>0x4</size>
         <input_file_ref idref="fl-17"/>
      </object_component>
      <object_component id="oc-59">
         <name>csmpasswds</name>
         <load_address>0x3f7ff8</load_address>
         <run_address>0x3f7ff8</run_address>
         <size>0x8</size>
         <input_file_ref idref="fl-3"/>
      </object_component>
      <object_component id="oc-5a">
         <name>csm_rsvd</name>
         <load_address>0x3f7f80</load_address>
         <run_address>0x3f7f80</run_address>
         <size>0x76</size>
         <input_file_ref idref="fl-3"/>
      </object_component>
      <object_component id="oc-128">
         <name>.stack</name>
         <uninitialized>true</uninitialized>
         <run_address>0x50</run_address>
         <size>0x0</size>
         <input_file_ref idref="fl-27"/>
      </object_component>
      <object_component id="oc-1d9">
         <name>.stack</name>
         <uninitialized>true</uninitialized>
         <run_address>0x50</run_address>
         <size>0x0</size>
      </object_component>
      <object_component id="oc-63">
         <name>.ebss</name>
         <uninitialized>true</uninitialized>
         <run_address>0xa54c</run_address>
         <size>0x1a</size>
         <input_file_ref idref="fl-5"/>
      </object_component>
      <object_component id="oc-fa">
         <name>.ebss</name>
         <uninitialized>true</uninitialized>
         <run_address>0xa56c</run_address>
         <size>0x2</size>
         <input_file_ref idref="fl-19"/>
      </object_component>
      <object_component id="oc-101">
         <name>.ebss</name>
         <uninitialized>true</uninitialized>
         <run_address>0xa580</run_address>
         <size>0x70</size>
         <input_file_ref idref="fl-1a"/>
      </object_component>
      <object_component id="oc-11c">
         <name>.ebss</name>
         <uninitialized>true</uninitialized>
         <run_address>0xa000</run_address>
         <size>0x54c</size>
         <input_file_ref idref="fl-1f"/>
      </object_component>
      <object_component id="oc-149">
         <name>.ebss</name>
         <uninitialized>true</uninitialized>
         <run_address>0xa566</run_address>
         <size>0x6</size>
         <input_file_ref idref="fl-2d"/>
      </object_component>
      <object_component id="oc-16f">
         <name>.ebss:__lock</name>
         <uninitialized>true</uninitialized>
         <run_address>0xa56e</run_address>
         <size>0x2</size>
         <input_file_ref idref="fl-2e"/>
      </object_component>
      <object_component id="oc-17e">
         <name>.ebss:__unlock</name>
         <uninitialized>true</uninitialized>
         <run_address>0xa570</run_address>
         <size>0x2</size>
         <input_file_ref idref="fl-2e"/>
      </object_component>
      <object_component id="oc-17d">
         <name>.econst:_PieVectTableInit</name>
         <load_address>0x3f78c4</load_address>
         <run_address>0x3f78c4</run_address>
         <size>0x100</size>
         <input_file_ref idref="fl-13"/>
      </object_component>
      <object_component id="oc-16b">
         <name>.econst:_kTbl_Chg10s_A</name>
         <load_address>0x3f79c4</load_address>
         <run_address>0x3f79c4</run_address>
         <size>0xc6</size>
         <input_file_ref idref="fl-18"/>
      </object_component>
      <object_component id="oc-16c">
         <name>.econst:_kTbl_ChgCont_A</name>
         <load_address>0x3f7a8a</load_address>
         <run_address>0x3f7a8a</run_address>
         <size>0xc6</size>
         <input_file_ref idref="fl-18"/>
      </object_component>
      <object_component id="oc-169">
         <name>.econst:_kTbl_Dis30s_A</name>
         <load_address>0x3f7b50</load_address>
         <run_address>0x3f7b50</run_address>
         <size>0xc6</size>
         <input_file_ref idref="fl-18"/>
      </object_component>
      <object_component id="oc-16a">
         <name>.econst:_kTbl_DisCont_A</name>
         <load_address>0x3f7c16</load_address>
         <run_address>0x3f7c16</run_address>
         <size>0xc6</size>
         <input_file_ref idref="fl-18"/>
      </object_component>
      <object_component id="oc-168">
         <name>.econst:_kSocNodesPct_af</name>
         <load_address>0x3f7cdc</load_address>
         <run_address>0x3f7cdc</run_address>
         <size>0x16</size>
         <input_file_ref idref="fl-18"/>
      </object_component>
      <object_component id="oc-167">
         <name>.econst:_kTempNodesC_af</name>
         <load_address>0x3f7cf2</load_address>
         <run_address>0x3f7cf2</run_address>
         <size>0x12</size>
         <input_file_ref idref="fl-18"/>
      </object_component>
      <object_component id="oc-159">
         <name>.econst</name>
         <load_address>0x3f7d04</load_address>
         <run_address>0x3f7d04</run_address>
         <size>0x2</size>
         <input_file_ref idref="fl-30"/>
      </object_component>
      <object_component id="oc-129">
         <name>.reset</name>
         <load_address>0x3fffc0</load_address>
         <run_address>0x3fffc0</run_address>
         <size>0x2</size>
         <input_file_ref idref="fl-27"/>
      </object_component>
      <object_component id="oc-bf">
         <name>PieVectTableFile</name>
         <uninitialized>true</uninitialized>
         <run_address>0xd00</run_address>
         <size>0x100</size>
         <input_file_ref idref="fl-c"/>
      </object_component>
      <object_component id="oc-89">
         <name>EmuKeyVar</name>
         <uninitialized>true</uninitialized>
         <run_address>0xd00</run_address>
         <size>0x1</size>
         <input_file_ref idref="fl-c"/>
      </object_component>
      <object_component id="oc-8a">
         <name>EmuBModeVar</name>
         <uninitialized>true</uninitialized>
         <run_address>0xd01</run_address>
         <size>0x1</size>
         <input_file_ref idref="fl-c"/>
      </object_component>
      <object_component id="oc-8c">
         <name>FlashCallbackVar</name>
         <uninitialized>true</uninitialized>
         <run_address>0xd02</run_address>
         <size>0x2</size>
         <input_file_ref idref="fl-c"/>
      </object_component>
      <object_component id="oc-8b">
         <name>FlashScalingVar</name>
         <uninitialized>true</uninitialized>
         <run_address>0xd04</run_address>
         <size>0x2</size>
         <input_file_ref idref="fl-c"/>
      </object_component>
      <object_component id="oc-8e">
         <name>DevEmuRegsFile</name>
         <uninitialized>true</uninitialized>
         <run_address>0x880</run_address>
         <size>0x4</size>
         <input_file_ref idref="fl-c"/>
      </object_component>
      <object_component id="oc-8d">
         <name>SysPwrCtrlRegsFile</name>
         <uninitialized>true</uninitialized>
         <run_address>0x985</run_address>
         <size>0x3</size>
         <input_file_ref idref="fl-c"/>
      </object_component>
      <object_component id="oc-93">
         <name>FlashRegsFile</name>
         <uninitialized>true</uninitialized>
         <run_address>0xa80</run_address>
         <size>0x8</size>
         <input_file_ref idref="fl-c"/>
      </object_component>
      <object_component id="oc-95">
         <name>CsmRegsFile</name>
         <uninitialized>true</uninitialized>
         <run_address>0xae0</run_address>
         <size>0x10</size>
         <input_file_ref idref="fl-c"/>
      </object_component>
      <object_component id="oc-94">
         <name>AdcResultFile</name>
         <uninitialized>true</uninitialized>
         <run_address>0xb00</run_address>
         <size>0x10</size>
         <input_file_ref idref="fl-c"/>
      </object_component>
      <object_component id="oc-8f">
         <name>CpuTimer0RegsFile</name>
         <uninitialized>true</uninitialized>
         <run_address>0xc00</run_address>
         <size>0x8</size>
         <input_file_ref idref="fl-c"/>
      </object_component>
      <object_component id="oc-90">
         <name>CpuTimer1RegsFile</name>
         <uninitialized>true</uninitialized>
         <run_address>0xc08</run_address>
         <size>0x8</size>
         <input_file_ref idref="fl-c"/>
      </object_component>
      <object_component id="oc-91">
         <name>CpuTimer2RegsFile</name>
         <uninitialized>true</uninitialized>
         <run_address>0xc10</run_address>
         <size>0x8</size>
         <input_file_ref idref="fl-c"/>
      </object_component>
      <object_component id="oc-9f">
         <name>PieCtrlRegsFile</name>
         <uninitialized>true</uninitialized>
         <run_address>0xce0</run_address>
         <size>0x1a</size>
         <input_file_ref idref="fl-c"/>
      </object_component>
      <object_component id="oc-af">
         <name>Cla1RegsFile</name>
         <uninitialized>true</uninitialized>
         <run_address>0x1400</run_address>
         <size>0x40</size>
         <input_file_ref idref="fl-c"/>
      </object_component>
      <object_component id="oc-bd">
         <name>DmaRegsFile</name>
         <uninitialized>true</uninitialized>
         <run_address>0x1000</run_address>
         <size>0xe0</size>
         <input_file_ref idref="fl-c"/>
      </object_component>
      <object_component id="oc-ae">
         <name>ECanaRegsFile</name>
         <uninitialized>true</uninitialized>
         <run_address>0x6000</run_address>
         <size>0x34</size>
         <input_file_ref idref="fl-c"/>
      </object_component>
      <object_component id="oc-b0">
         <name>ECanaLAMRegsFile</name>
         <uninitialized>true</uninitialized>
         <run_address>0x6040</run_address>
         <size>0x40</size>
         <input_file_ref idref="fl-c"/>
      </object_component>
      <object_component id="oc-be">
         <name>ECanaMboxesFile</name>
         <uninitialized>true</uninitialized>
         <run_address>0x6100</run_address>
         <size>0x100</size>
         <input_file_ref idref="fl-c"/>
      </object_component>
      <object_component id="oc-b1">
         <name>ECanaMOTSRegsFile</name>
         <uninitialized>true</uninitialized>
         <run_address>0x6080</run_address>
         <size>0x40</size>
         <input_file_ref idref="fl-c"/>
      </object_component>
      <object_component id="oc-b2">
         <name>ECanaMOTORegsFile</name>
         <uninitialized>true</uninitialized>
         <run_address>0x60c0</run_address>
         <size>0x40</size>
         <input_file_ref idref="fl-c"/>
      </object_component>
      <object_component id="oc-a0">
         <name>ECap1RegsFile</name>
         <uninitialized>true</uninitialized>
         <run_address>0x6a00</run_address>
         <size>0x20</size>
         <input_file_ref idref="fl-c"/>
      </object_component>
      <object_component id="oc-a1">
         <name>ECap2RegsFile</name>
         <uninitialized>true</uninitialized>
         <run_address>0x6a20</run_address>
         <size>0x20</size>
         <input_file_ref idref="fl-c"/>
      </object_component>
      <object_component id="oc-a2">
         <name>ECap3RegsFile</name>
         <uninitialized>true</uninitialized>
         <run_address>0x6a40</run_address>
         <size>0x20</size>
         <input_file_ref idref="fl-c"/>
      </object_component>
      <object_component id="oc-a9">
         <name>EQep1RegsFile</name>
         <uninitialized>true</uninitialized>
         <run_address>0x6b00</run_address>
         <size>0x22</size>
         <input_file_ref idref="fl-c"/>
      </object_component>
      <object_component id="oc-aa">
         <name>EQep2RegsFile</name>
         <uninitialized>true</uninitialized>
         <run_address>0x6b40</run_address>
         <size>0x22</size>
         <input_file_ref idref="fl-c"/>
      </object_component>
      <object_component id="oc-bb">
         <name>GpioCtrlRegsFile</name>
         <uninitialized>true</uninitialized>
         <run_address>0x6f80</run_address>
         <size>0x40</size>
         <input_file_ref idref="fl-c"/>
      </object_component>
      <object_component id="oc-a3">
         <name>GpioDataRegsFile</name>
         <uninitialized>true</uninitialized>
         <run_address>0x6fc0</run_address>
         <size>0x20</size>
         <input_file_ref idref="fl-c"/>
      </object_component>
      <object_component id="oc-a4">
         <name>GpioIntRegsFile</name>
         <uninitialized>true</uninitialized>
         <run_address>0x6fe0</run_address>
         <size>0x20</size>
         <input_file_ref idref="fl-c"/>
      </object_component>
      <object_component id="oc-a5">
         <name>HRCap1RegsFile</name>
         <uninitialized>true</uninitialized>
         <run_address>0x6ac0</run_address>
         <size>0x20</size>
         <input_file_ref idref="fl-c"/>
      </object_component>
      <object_component id="oc-a6">
         <name>HRCap2RegsFile</name>
         <uninitialized>true</uninitialized>
         <run_address>0x6ae0</run_address>
         <size>0x20</size>
         <input_file_ref idref="fl-c"/>
      </object_component>
      <object_component id="oc-a7">
         <name>HRCap3RegsFile</name>
         <uninitialized>true</uninitialized>
         <run_address>0x6c80</run_address>
         <size>0x20</size>
         <input_file_ref idref="fl-c"/>
      </object_component>
      <object_component id="oc-a8">
         <name>HRCap4RegsFile</name>
         <uninitialized>true</uninitialized>
         <run_address>0x6ca0</run_address>
         <size>0x20</size>
         <input_file_ref idref="fl-c"/>
      </object_component>
      <object_component id="oc-ad">
         <name>SysCtrlRegsFile</name>
         <uninitialized>true</uninitialized>
         <run_address>0x7010</run_address>
         <size>0x30</size>
         <input_file_ref idref="fl-c"/>
      </object_component>
      <object_component id="oc-99">
         <name>SpiaRegsFile</name>
         <uninitialized>true</uninitialized>
         <run_address>0x7040</run_address>
         <size>0x10</size>
         <input_file_ref idref="fl-c"/>
      </object_component>
      <object_component id="oc-9a">
         <name>SpibRegsFile</name>
         <uninitialized>true</uninitialized>
         <run_address>0x7740</run_address>
         <size>0x10</size>
         <input_file_ref idref="fl-c"/>
      </object_component>
      <object_component id="oc-97">
         <name>SciaRegsFile</name>
         <uninitialized>true</uninitialized>
         <run_address>0x7050</run_address>
         <size>0x10</size>
         <input_file_ref idref="fl-c"/>
      </object_component>
      <object_component id="oc-98">
         <name>ScibRegsFile</name>
         <uninitialized>true</uninitialized>
         <run_address>0x7750</run_address>
         <size>0x10</size>
         <input_file_ref idref="fl-c"/>
      </object_component>
      <object_component id="oc-96">
         <name>NmiIntruptRegsFile</name>
         <uninitialized>true</uninitialized>
         <run_address>0x7060</run_address>
         <size>0x10</size>
         <input_file_ref idref="fl-c"/>
      </object_component>
      <object_component id="oc-9b">
         <name>XIntruptRegsFile</name>
         <uninitialized>true</uninitialized>
         <run_address>0x7070</run_address>
         <size>0x10</size>
         <input_file_ref idref="fl-c"/>
      </object_component>
      <object_component id="oc-bc">
         <name>AdcRegsFile</name>
         <uninitialized>true</uninitialized>
         <run_address>0x7100</run_address>
         <size>0x50</size>
         <input_file_ref idref="fl-c"/>
      </object_component>
      <object_component id="oc-ab">
         <name>I2caRegsFile</name>
         <uninitialized>true</uninitialized>
         <run_address>0x7900</run_address>
         <size>0x22</size>
         <input_file_ref idref="fl-c"/>
      </object_component>
      <object_component id="oc-9c">
         <name>Comp1RegsFile</name>
         <uninitialized>true</uninitialized>
         <run_address>0x6400</run_address>
         <size>0x14</size>
         <input_file_ref idref="fl-c"/>
      </object_component>
      <object_component id="oc-9d">
         <name>Comp2RegsFile</name>
         <uninitialized>true</uninitialized>
         <run_address>0x6420</run_address>
         <size>0x14</size>
         <input_file_ref idref="fl-c"/>
      </object_component>
      <object_component id="oc-9e">
         <name>Comp3RegsFile</name>
         <uninitialized>true</uninitialized>
         <run_address>0x6440</run_address>
         <size>0x14</size>
         <input_file_ref idref="fl-c"/>
      </object_component>
      <object_component id="oc-b3">
         <name>EPwm1RegsFile</name>
         <uninitialized>true</uninitialized>
         <run_address>0x6800</run_address>
         <size>0x40</size>
         <input_file_ref idref="fl-c"/>
      </object_component>
      <object_component id="oc-b4">
         <name>EPwm2RegsFile</name>
         <uninitialized>true</uninitialized>
         <run_address>0x6840</run_address>
         <size>0x40</size>
         <input_file_ref idref="fl-c"/>
      </object_component>
      <object_component id="oc-b5">
         <name>EPwm3RegsFile</name>
         <uninitialized>true</uninitialized>
         <run_address>0x6880</run_address>
         <size>0x40</size>
         <input_file_ref idref="fl-c"/>
      </object_component>
      <object_component id="oc-b6">
         <name>EPwm4RegsFile</name>
         <uninitialized>true</uninitialized>
         <run_address>0x68c0</run_address>
         <size>0x40</size>
         <input_file_ref idref="fl-c"/>
      </object_component>
      <object_component id="oc-b7">
         <name>EPwm5RegsFile</name>
         <uninitialized>true</uninitialized>
         <run_address>0x6900</run_address>
         <size>0x40</size>
         <input_file_ref idref="fl-c"/>
      </object_component>
      <object_component id="oc-b8">
         <name>EPwm6RegsFile</name>
         <uninitialized>true</uninitialized>
         <run_address>0x6940</run_address>
         <size>0x40</size>
         <input_file_ref idref="fl-c"/>
      </object_component>
      <object_component id="oc-b9">
         <name>EPwm7RegsFile</name>
         <uninitialized>true</uninitialized>
         <run_address>0x6980</run_address>
         <size>0x40</size>
         <input_file_ref idref="fl-c"/>
      </object_component>
      <object_component id="oc-ba">
         <name>EPwm8RegsFile</name>
         <uninitialized>true</uninitialized>
         <run_address>0x69c0</run_address>
         <size>0x40</size>
         <input_file_ref idref="fl-c"/>
      </object_component>
      <object_component id="oc-ac">
         <name>McbspaRegsFile</name>
         <uninitialized>true</uninitialized>
         <run_address>0x5000</run_address>
         <size>0x24</size>
         <input_file_ref idref="fl-c"/>
      </object_component>
      <object_component id="oc-c0">
         <name>Usb0RegsFile</name>
         <uninitialized>true</uninitialized>
         <run_address>0x4000</run_address>
         <size>0x454</size>
         <input_file_ref idref="fl-c"/>
      </object_component>
      <object_component id="oc-92">
         <name>CsmPwlFile</name>
         <uninitialized>true</uninitialized>
         <run_address>0x3f7ff8</run_address>
         <size>0x8</size>
         <input_file_ref idref="fl-c"/>
      </object_component>
      <object_component id="oc-88">
         <name>PartIdRegsFile</name>
         <uninitialized>true</uninitialized>
         <run_address>0x3d7e80</run_address>
         <size>0x1</size>
         <input_file_ref idref="fl-c"/>
      </object_component>
      <object_component id="oc-54">
         <name>.debug_info</name>
         <load_address>0x0</load_address>
         <run_address>0x0</run_address>
         <size>0x4947</size>
         <input_file_ref idref="fl-2"/>
      </object_component>
      <object_component id="oc-5e">
         <name>.debug_info</name>
         <load_address>0x4947</load_address>
         <run_address>0x4947</run_address>
         <size>0x13b</size>
         <input_file_ref idref="fl-4"/>
      </object_component>
      <object_component id="oc-61">
         <name>.debug_info</name>
         <load_address>0x4a82</load_address>
         <run_address>0x4a82</run_address>
         <size>0x9cb</size>
         <input_file_ref idref="fl-5"/>
      </object_component>
      <object_component id="oc-6a">
         <name>.debug_info</name>
         <load_address>0x544d</load_address>
         <run_address>0x544d</run_address>
         <size>0xf9</size>
         <input_file_ref idref="fl-6"/>
      </object_component>
      <object_component id="oc-6d">
         <name>.debug_info</name>
         <load_address>0x5546</load_address>
         <run_address>0x5546</run_address>
         <size>0x2ad3</size>
         <input_file_ref idref="fl-7"/>
      </object_component>
      <object_component id="oc-73">
         <name>.debug_info</name>
         <load_address>0x8019</load_address>
         <run_address>0x8019</run_address>
         <size>0x16d9</size>
         <input_file_ref idref="fl-8"/>
      </object_component>
      <object_component id="oc-78">
         <name>.debug_info</name>
         <load_address>0x96f2</load_address>
         <run_address>0x96f2</run_address>
         <size>0x8da4</size>
         <input_file_ref idref="fl-9"/>
      </object_component>
      <object_component id="oc-7d">
         <name>.debug_info</name>
         <load_address>0x12496</load_address>
         <run_address>0x12496</run_address>
         <size>0x187e</size>
         <input_file_ref idref="fl-a"/>
      </object_component>
      <object_component id="oc-82">
         <name>.debug_info</name>
         <load_address>0x13d14</load_address>
         <run_address>0x13d14</run_address>
         <size>0x339</size>
         <input_file_ref idref="fl-b"/>
      </object_component>
      <object_component id="oc-87">
         <name>.debug_info</name>
         <load_address>0x1404d</load_address>
         <run_address>0x1404d</run_address>
         <size>0x1b036</size>
         <input_file_ref idref="fl-c"/>
      </object_component>
      <object_component id="oc-c2">
         <name>.debug_info</name>
         <load_address>0x2f083</load_address>
         <run_address>0x2f083</run_address>
         <size>0x18e1</size>
         <input_file_ref idref="fl-d"/>
      </object_component>
      <object_component id="oc-c7">
         <name>.debug_info</name>
         <load_address>0x30964</load_address>
         <run_address>0x30964</run_address>
         <size>0x188</size>
         <input_file_ref idref="fl-e"/>
      </object_component>
      <object_component id="oc-c9">
         <name>.debug_info</name>
         <load_address>0x30aec</load_address>
         <run_address>0x30aec</run_address>
         <size>0x18a</size>
         <input_file_ref idref="fl-f"/>
      </object_component>
      <object_component id="oc-cb">
         <name>.debug_info</name>
         <load_address>0x30c76</load_address>
         <run_address>0x30c76</run_address>
         <size>0x457</size>
         <input_file_ref idref="fl-10"/>
      </object_component>
      <object_component id="oc-d0">
         <name>.debug_info</name>
         <load_address>0x310cd</load_address>
         <run_address>0x310cd</run_address>
         <size>0x1831</size>
         <input_file_ref idref="fl-11"/>
      </object_component>
      <object_component id="oc-d5">
         <name>.debug_info</name>
         <load_address>0x328fe</load_address>
         <run_address>0x328fe</run_address>
         <size>0xb4e</size>
         <input_file_ref idref="fl-12"/>
      </object_component>
      <object_component id="oc-da">
         <name>.debug_info</name>
         <load_address>0x3344c</load_address>
         <run_address>0x3344c</run_address>
         <size>0x247b</size>
         <input_file_ref idref="fl-13"/>
      </object_component>
      <object_component id="oc-df">
         <name>.debug_info</name>
         <load_address>0x358c7</load_address>
         <run_address>0x358c7</run_address>
         <size>0x187d</size>
         <input_file_ref idref="fl-14"/>
      </object_component>
      <object_component id="oc-e4">
         <name>.debug_info</name>
         <load_address>0x37144</load_address>
         <run_address>0x37144</run_address>
         <size>0x2450</size>
         <input_file_ref idref="fl-15"/>
      </object_component>
      <object_component id="oc-e9">
         <name>.debug_info</name>
         <load_address>0x39594</load_address>
         <run_address>0x39594</run_address>
         <size>0x29e6</size>
         <input_file_ref idref="fl-16"/>
      </object_component>
      <object_component id="oc-f0">
         <name>.debug_info</name>
         <load_address>0x3bf7a</load_address>
         <run_address>0x3bf7a</run_address>
         <size>0xfc</size>
         <input_file_ref idref="fl-17"/>
      </object_component>
      <object_component id="oc-f3">
         <name>.debug_info</name>
         <load_address>0x3c076</load_address>
         <run_address>0x3c076</run_address>
         <size>0x1b95</size>
         <input_file_ref idref="fl-18"/>
      </object_component>
      <object_component id="oc-f8">
         <name>.debug_info</name>
         <load_address>0x3dc0b</load_address>
         <run_address>0x3dc0b</run_address>
         <size>0x140b</size>
         <input_file_ref idref="fl-19"/>
      </object_component>
      <object_component id="oc-ff">
         <name>.debug_info</name>
         <load_address>0x3f016</load_address>
         <run_address>0x3f016</run_address>
         <size>0x8d2</size>
         <input_file_ref idref="fl-1a"/>
      </object_component>
      <object_component id="oc-106">
         <name>.debug_info</name>
         <load_address>0x3f8e8</load_address>
         <run_address>0x3f8e8</run_address>
         <size>0xaa4a</size>
         <input_file_ref idref="fl-1b"/>
      </object_component>
      <object_component id="oc-10b">
         <name>.debug_info</name>
         <load_address>0x4a332</load_address>
         <run_address>0x4a332</run_address>
         <size>0x1ad3</size>
         <input_file_ref idref="fl-1c"/>
      </object_component>
      <object_component id="oc-110">
         <name>.debug_info</name>
         <load_address>0x4be05</load_address>
         <run_address>0x4be05</run_address>
         <size>0xc4b</size>
         <input_file_ref idref="fl-1d"/>
      </object_component>
      <object_component id="oc-115">
         <name>.debug_info</name>
         <load_address>0x4ca50</load_address>
         <run_address>0x4ca50</run_address>
         <size>0x133f</size>
         <input_file_ref idref="fl-1e"/>
      </object_component>
      <object_component id="oc-11a">
         <name>.debug_info</name>
         <load_address>0x4dd8f</load_address>
         <run_address>0x4dd8f</run_address>
         <size>0xd894</size>
         <input_file_ref idref="fl-1f"/>
      </object_component>
      <object_component id="oc-122">
         <name>.debug_info</name>
         <load_address>0x5b623</load_address>
         <run_address>0x5b623</run_address>
         <size>0x433</size>
         <input_file_ref idref="fl-26"/>
      </object_component>
      <object_component id="oc-12a">
         <name>.debug_info</name>
         <load_address>0x5ba56</load_address>
         <run_address>0x5ba56</run_address>
         <size>0x173</size>
         <input_file_ref idref="fl-27"/>
      </object_component>
      <object_component id="oc-12f">
         <name>.debug_info</name>
         <load_address>0x5bbc9</load_address>
         <run_address>0x5bbc9</run_address>
         <size>0x114</size>
         <input_file_ref idref="fl-28"/>
      </object_component>
      <object_component id="oc-133">
         <name>.debug_info</name>
         <load_address>0x5bcdd</load_address>
         <run_address>0x5bcdd</run_address>
         <size>0x561</size>
         <input_file_ref idref="fl-29"/>
      </object_component>
      <object_component id="oc-138">
         <name>.debug_info</name>
         <load_address>0x5c23e</load_address>
         <run_address>0x5c23e</run_address>
         <size>0x43a</size>
         <input_file_ref idref="fl-2a"/>
      </object_component>
      <object_component id="oc-13d">
         <name>.debug_info</name>
         <load_address>0x5c678</load_address>
         <run_address>0x5c678</run_address>
         <size>0x3ad</size>
         <input_file_ref idref="fl-2b"/>
      </object_component>
      <object_component id="oc-142">
         <name>.debug_info</name>
         <load_address>0x5ca25</load_address>
         <run_address>0x5ca25</run_address>
         <size>0x3aa</size>
         <input_file_ref idref="fl-2c"/>
      </object_component>
      <object_component id="oc-147">
         <name>.debug_info</name>
         <load_address>0x5cdcf</load_address>
         <run_address>0x5cdcf</run_address>
         <size>0x544</size>
         <input_file_ref idref="fl-2d"/>
      </object_component>
      <object_component id="oc-14e">
         <name>.debug_info</name>
         <load_address>0x5d313</load_address>
         <run_address>0x5d313</run_address>
         <size>0x4cc</size>
         <input_file_ref idref="fl-2e"/>
      </object_component>
      <object_component id="oc-153">
         <name>.debug_info</name>
         <load_address>0x5d7df</load_address>
         <run_address>0x5d7df</run_address>
         <size>0x467</size>
         <input_file_ref idref="fl-2f"/>
      </object_component>
      <object_component id="oc-158">
         <name>.debug_info</name>
         <load_address>0x5dc46</load_address>
         <run_address>0x5dc46</run_address>
         <size>0x439</size>
         <input_file_ref idref="fl-30"/>
      </object_component>
      <object_component id="oc-1da">
         <name>.debug_info</name>
         <load_address>0x5e07f</load_address>
         <run_address>0x5e07f</run_address>
         <size>0xa4</size>
      </object_component>
      <object_component id="oc-55">
         <name>.debug_frame</name>
         <load_address>0x0</load_address>
         <run_address>0x0</run_address>
         <size>0x28</size>
         <input_file_ref idref="fl-2"/>
      </object_component>
      <object_component id="oc-64">
         <name>.debug_frame</name>
         <load_address>0x28</load_address>
         <run_address>0x28</run_address>
         <size>0x5c</size>
         <input_file_ref idref="fl-5"/>
      </object_component>
      <object_component id="oc-6f">
         <name>.debug_frame</name>
         <load_address>0x84</load_address>
         <run_address>0x84</run_address>
         <size>0xbb0</size>
         <input_file_ref idref="fl-7"/>
      </object_component>
      <object_component id="oc-74">
         <name>.debug_frame</name>
         <load_address>0xc34</load_address>
         <run_address>0xc34</run_address>
         <size>0x28</size>
         <input_file_ref idref="fl-8"/>
      </object_component>
      <object_component id="oc-79">
         <name>.debug_frame</name>
         <load_address>0xc5c</load_address>
         <run_address>0xc5c</run_address>
         <size>0x90</size>
         <input_file_ref idref="fl-9"/>
      </object_component>
      <object_component id="oc-7e">
         <name>.debug_frame</name>
         <load_address>0xcec</load_address>
         <run_address>0xcec</run_address>
         <size>0x28</size>
         <input_file_ref idref="fl-a"/>
      </object_component>
      <object_component id="oc-83">
         <name>.debug_frame</name>
         <load_address>0xd14</load_address>
         <run_address>0xd14</run_address>
         <size>0x28</size>
         <input_file_ref idref="fl-b"/>
      </object_component>
      <object_component id="oc-c3">
         <name>.debug_frame</name>
         <load_address>0xd3c</load_address>
         <run_address>0xd3c</run_address>
         <size>0x40</size>
         <input_file_ref idref="fl-d"/>
      </object_component>
      <object_component id="oc-cc">
         <name>.debug_frame</name>
         <load_address>0xd7c</load_address>
         <run_address>0xd7c</run_address>
         <size>0x44</size>
         <input_file_ref idref="fl-10"/>
      </object_component>
      <object_component id="oc-d1">
         <name>.debug_frame</name>
         <load_address>0xdc0</load_address>
         <run_address>0xdc0</run_address>
         <size>0x28</size>
         <input_file_ref idref="fl-11"/>
      </object_component>
      <object_component id="oc-d6">
         <name>.debug_frame</name>
         <load_address>0xde8</load_address>
         <run_address>0xde8</run_address>
         <size>0x58</size>
         <input_file_ref idref="fl-12"/>
      </object_component>
      <object_component id="oc-db">
         <name>.debug_frame</name>
         <load_address>0xe40</load_address>
         <run_address>0xe40</run_address>
         <size>0x44</size>
         <input_file_ref idref="fl-13"/>
      </object_component>
      <object_component id="oc-e0">
         <name>.debug_frame</name>
         <load_address>0xe84</load_address>
         <run_address>0xe84</run_address>
         <size>0x28</size>
         <input_file_ref idref="fl-14"/>
      </object_component>
      <object_component id="oc-e5">
         <name>.debug_frame</name>
         <load_address>0xeac</load_address>
         <run_address>0xeac</run_address>
         <size>0x28</size>
         <input_file_ref idref="fl-15"/>
      </object_component>
      <object_component id="oc-ea">
         <name>.debug_frame</name>
         <load_address>0xed4</load_address>
         <run_address>0xed4</run_address>
         <size>0x154</size>
         <input_file_ref idref="fl-16"/>
      </object_component>
      <object_component id="oc-f4">
         <name>.debug_frame</name>
         <load_address>0x1028</load_address>
         <run_address>0x1028</run_address>
         <size>0x160</size>
         <input_file_ref idref="fl-18"/>
      </object_component>
      <object_component id="oc-fb">
         <name>.debug_frame</name>
         <load_address>0x1188</load_address>
         <run_address>0x1188</run_address>
         <size>0xc4</size>
         <input_file_ref idref="fl-19"/>
      </object_component>
      <object_component id="oc-102">
         <name>.debug_frame</name>
         <load_address>0x124c</load_address>
         <run_address>0x124c</run_address>
         <size>0x28</size>
         <input_file_ref idref="fl-1a"/>
      </object_component>
      <object_component id="oc-107">
         <name>.debug_frame</name>
         <load_address>0x1274</load_address>
         <run_address>0x1274</run_address>
         <size>0x228</size>
         <input_file_ref idref="fl-1b"/>
      </object_component>
      <object_component id="oc-10c">
         <name>.debug_frame</name>
         <load_address>0x149c</load_address>
         <run_address>0x149c</run_address>
         <size>0x28</size>
         <input_file_ref idref="fl-1c"/>
      </object_component>
      <object_component id="oc-111">
         <name>.debug_frame</name>
         <load_address>0x14c4</load_address>
         <run_address>0x14c4</run_address>
         <size>0x9c</size>
         <input_file_ref idref="fl-1d"/>
      </object_component>
      <object_component id="oc-116">
         <name>.debug_frame</name>
         <load_address>0x1560</load_address>
         <run_address>0x1560</run_address>
         <size>0x28</size>
         <input_file_ref idref="fl-1e"/>
      </object_component>
      <object_component id="oc-11e">
         <name>.debug_frame</name>
         <load_address>0x1588</load_address>
         <run_address>0x1588</run_address>
         <size>0x100</size>
         <input_file_ref idref="fl-1f"/>
      </object_component>
      <object_component id="oc-123">
         <name>.debug_frame</name>
         <load_address>0x1688</load_address>
         <run_address>0x1688</run_address>
         <size>0x4c</size>
         <input_file_ref idref="fl-26"/>
      </object_component>
      <object_component id="oc-134">
         <name>.debug_frame</name>
         <load_address>0x16d4</load_address>
         <run_address>0x16d4</run_address>
         <size>0x60</size>
         <input_file_ref idref="fl-29"/>
      </object_component>
      <object_component id="oc-139">
         <name>.debug_frame</name>
         <load_address>0x1734</load_address>
         <run_address>0x1734</run_address>
         <size>0x40</size>
         <input_file_ref idref="fl-2a"/>
      </object_component>
      <object_component id="oc-13e">
         <name>.debug_frame</name>
         <load_address>0x1774</load_address>
         <run_address>0x1774</run_address>
         <size>0x40</size>
         <input_file_ref idref="fl-2b"/>
      </object_component>
      <object_component id="oc-143">
         <name>.debug_frame</name>
         <load_address>0x17b4</load_address>
         <run_address>0x17b4</run_address>
         <size>0x40</size>
         <input_file_ref idref="fl-2c"/>
      </object_component>
      <object_component id="oc-14a">
         <name>.debug_frame</name>
         <load_address>0x17f4</load_address>
         <run_address>0x17f4</run_address>
         <size>0x60</size>
         <input_file_ref idref="fl-2d"/>
      </object_component>
      <object_component id="oc-14f">
         <name>.debug_frame</name>
         <load_address>0x1854</load_address>
         <run_address>0x1854</run_address>
         <size>0x70</size>
         <input_file_ref idref="fl-2e"/>
      </object_component>
      <object_component id="oc-154">
         <name>.debug_frame</name>
         <load_address>0x18c4</load_address>
         <run_address>0x18c4</run_address>
         <size>0x40</size>
         <input_file_ref idref="fl-2f"/>
      </object_component>
      <object_component id="oc-15a">
         <name>.debug_frame</name>
         <load_address>0x1904</load_address>
         <run_address>0x1904</run_address>
         <size>0x44</size>
         <input_file_ref idref="fl-30"/>
      </object_component>
      <object_component id="oc-56">
         <name>.debug_line</name>
         <load_address>0x0</load_address>
         <run_address>0x0</run_address>
         <size>0x3a</size>
         <input_file_ref idref="fl-2"/>
      </object_component>
      <object_component id="oc-5d">
         <name>.debug_line</name>
         <load_address>0x3a</load_address>
         <run_address>0x3a</run_address>
         <size>0x6f</size>
         <input_file_ref idref="fl-4"/>
      </object_component>
      <object_component id="oc-65">
         <name>.debug_line</name>
         <load_address>0xa9</load_address>
         <run_address>0xa9</run_address>
         <size>0x9a</size>
         <input_file_ref idref="fl-5"/>
      </object_component>
      <object_component id="oc-69">
         <name>.debug_line</name>
         <load_address>0x143</load_address>
         <run_address>0x143</run_address>
         <size>0x4f</size>
         <input_file_ref idref="fl-6"/>
      </object_component>
      <object_component id="oc-70">
         <name>.debug_line</name>
         <load_address>0x192</load_address>
         <run_address>0x192</run_address>
         <size>0x882</size>
         <input_file_ref idref="fl-7"/>
      </object_component>
      <object_component id="oc-75">
         <name>.debug_line</name>
         <load_address>0xa14</load_address>
         <run_address>0xa14</run_address>
         <size>0x3a</size>
         <input_file_ref idref="fl-8"/>
      </object_component>
      <object_component id="oc-7a">
         <name>.debug_line</name>
         <load_address>0xa4e</load_address>
         <run_address>0xa4e</run_address>
         <size>0x28b</size>
         <input_file_ref idref="fl-9"/>
      </object_component>
      <object_component id="oc-7f">
         <name>.debug_line</name>
         <load_address>0xcd9</load_address>
         <run_address>0xcd9</run_address>
         <size>0x3b</size>
         <input_file_ref idref="fl-a"/>
      </object_component>
      <object_component id="oc-84">
         <name>.debug_line</name>
         <load_address>0xd14</load_address>
         <run_address>0xd14</run_address>
         <size>0x3b</size>
         <input_file_ref idref="fl-b"/>
      </object_component>
      <object_component id="oc-c4">
         <name>.debug_line</name>
         <load_address>0xd4f</load_address>
         <run_address>0xd4f</run_address>
         <size>0xcd</size>
         <input_file_ref idref="fl-d"/>
      </object_component>
      <object_component id="oc-cd">
         <name>.debug_line</name>
         <load_address>0xe1c</load_address>
         <run_address>0xe1c</run_address>
         <size>0x5f</size>
         <input_file_ref idref="fl-10"/>
      </object_component>
      <object_component id="oc-d2">
         <name>.debug_line</name>
         <load_address>0xe7b</load_address>
         <run_address>0xe7b</run_address>
         <size>0x3e</size>
         <input_file_ref idref="fl-11"/>
      </object_component>
      <object_component id="oc-d7">
         <name>.debug_line</name>
         <load_address>0xeb9</load_address>
         <run_address>0xeb9</run_address>
         <size>0x90</size>
         <input_file_ref idref="fl-12"/>
      </object_component>
      <object_component id="oc-dc">
         <name>.debug_line</name>
         <load_address>0xf49</load_address>
         <run_address>0xf49</run_address>
         <size>0x72</size>
         <input_file_ref idref="fl-13"/>
      </object_component>
      <object_component id="oc-e1">
         <name>.debug_line</name>
         <load_address>0xfbb</load_address>
         <run_address>0xfbb</run_address>
         <size>0x3a</size>
         <input_file_ref idref="fl-14"/>
      </object_component>
      <object_component id="oc-e6">
         <name>.debug_line</name>
         <load_address>0xff5</load_address>
         <run_address>0xff5</run_address>
         <size>0x3a</size>
         <input_file_ref idref="fl-15"/>
      </object_component>
      <object_component id="oc-eb">
         <name>.debug_line</name>
         <load_address>0x102f</load_address>
         <run_address>0x102f</run_address>
         <size>0x221</size>
         <input_file_ref idref="fl-16"/>
      </object_component>
      <object_component id="oc-ef">
         <name>.debug_line</name>
         <load_address>0x1250</load_address>
         <run_address>0x1250</run_address>
         <size>0x53</size>
         <input_file_ref idref="fl-17"/>
      </object_component>
      <object_component id="oc-f5">
         <name>.debug_line</name>
         <load_address>0x12a3</load_address>
         <run_address>0x12a3</run_address>
         <size>0x343</size>
         <input_file_ref idref="fl-18"/>
      </object_component>
      <object_component id="oc-fc">
         <name>.debug_line</name>
         <load_address>0x15e6</load_address>
         <run_address>0x15e6</run_address>
         <size>0x26f</size>
         <input_file_ref idref="fl-19"/>
      </object_component>
      <object_component id="oc-103">
         <name>.debug_line</name>
         <load_address>0x1855</load_address>
         <run_address>0x1855</run_address>
         <size>0x3b</size>
         <input_file_ref idref="fl-1a"/>
      </object_component>
      <object_component id="oc-108">
         <name>.debug_line</name>
         <load_address>0x1890</load_address>
         <run_address>0x1890</run_address>
         <size>0xe66</size>
         <input_file_ref idref="fl-1b"/>
      </object_component>
      <object_component id="oc-10d">
         <name>.debug_line</name>
         <load_address>0x26f6</load_address>
         <run_address>0x26f6</run_address>
         <size>0x34</size>
         <input_file_ref idref="fl-1c"/>
      </object_component>
      <object_component id="oc-112">
         <name>.debug_line</name>
         <load_address>0x272a</load_address>
         <run_address>0x272a</run_address>
         <size>0x168</size>
         <input_file_ref idref="fl-1d"/>
      </object_component>
      <object_component id="oc-117">
         <name>.debug_line</name>
         <load_address>0x2892</load_address>
         <run_address>0x2892</run_address>
         <size>0x37</size>
         <input_file_ref idref="fl-1e"/>
      </object_component>
      <object_component id="oc-11f">
         <name>.debug_line</name>
         <load_address>0x28c9</load_address>
         <run_address>0x28c9</run_address>
         <size>0xa97</size>
         <input_file_ref idref="fl-1f"/>
      </object_component>
      <object_component id="oc-124">
         <name>.debug_line</name>
         <load_address>0x3360</load_address>
         <run_address>0x3360</run_address>
         <size>0x58</size>
         <input_file_ref idref="fl-26"/>
      </object_component>
      <object_component id="oc-12b">
         <name>.debug_line</name>
         <load_address>0x33b8</load_address>
         <run_address>0x33b8</run_address>
         <size>0x7e</size>
         <input_file_ref idref="fl-27"/>
      </object_component>
      <object_component id="oc-130">
         <name>.debug_line</name>
         <load_address>0x3436</load_address>
         <run_address>0x3436</run_address>
         <size>0xad</size>
         <input_file_ref idref="fl-28"/>
      </object_component>
      <object_component id="oc-135">
         <name>.debug_line</name>
         <load_address>0x34e3</load_address>
         <run_address>0x34e3</run_address>
         <size>0x50</size>
         <input_file_ref idref="fl-29"/>
      </object_component>
      <object_component id="oc-13a">
         <name>.debug_line</name>
         <load_address>0x3533</load_address>
         <run_address>0x3533</run_address>
         <size>0x62</size>
         <input_file_ref idref="fl-2a"/>
      </object_component>
      <object_component id="oc-13f">
         <name>.debug_line</name>
         <load_address>0x3595</load_address>
         <run_address>0x3595</run_address>
         <size>0x3e</size>
         <input_file_ref idref="fl-2b"/>
      </object_component>
      <object_component id="oc-144">
         <name>.debug_line</name>
         <load_address>0x35d3</load_address>
         <run_address>0x35d3</run_address>
         <size>0x3a</size>
         <input_file_ref idref="fl-2c"/>
      </object_component>
      <object_component id="oc-14b">
         <name>.debug_line</name>
         <load_address>0x360d</load_address>
         <run_address>0x360d</run_address>
         <size>0x65</size>
         <input_file_ref idref="fl-2d"/>
      </object_component>
      <object_component id="oc-150">
         <name>.debug_line</name>
         <load_address>0x3672</load_address>
         <run_address>0x3672</run_address>
         <size>0x5e</size>
         <input_file_ref idref="fl-2e"/>
      </object_component>
      <object_component id="oc-155">
         <name>.debug_line</name>
         <load_address>0x36d0</load_address>
         <run_address>0x36d0</run_address>
         <size>0x4f</size>
         <input_file_ref idref="fl-2f"/>
      </object_component>
      <object_component id="oc-15b">
         <name>.debug_line</name>
         <load_address>0x371f</load_address>
         <run_address>0x371f</run_address>
         <size>0x7e</size>
         <input_file_ref idref="fl-30"/>
      </object_component>
      <object_component id="oc-57">
         <name>.debug_abbrev</name>
         <load_address>0x0</load_address>
         <run_address>0x0</run_address>
         <size>0x155</size>
         <input_file_ref idref="fl-2"/>
      </object_component>
      <object_component id="oc-5f">
         <name>.debug_abbrev</name>
         <load_address>0x155</load_address>
         <run_address>0x155</run_address>
         <size>0x21</size>
         <input_file_ref idref="fl-4"/>
      </object_component>
      <object_component id="oc-66">
         <name>.debug_abbrev</name>
         <load_address>0x176</load_address>
         <run_address>0x176</run_address>
         <size>0xfd</size>
         <input_file_ref idref="fl-5"/>
      </object_component>
      <object_component id="oc-6b">
         <name>.debug_abbrev</name>
         <load_address>0x273</load_address>
         <run_address>0x273</run_address>
         <size>0x2f</size>
         <input_file_ref idref="fl-6"/>
      </object_component>
      <object_component id="oc-71">
         <name>.debug_abbrev</name>
         <load_address>0x2a2</load_address>
         <run_address>0x2a2</run_address>
         <size>0xde</size>
         <input_file_ref idref="fl-7"/>
      </object_component>
      <object_component id="oc-76">
         <name>.debug_abbrev</name>
         <load_address>0x380</load_address>
         <run_address>0x380</run_address>
         <size>0x128</size>
         <input_file_ref idref="fl-8"/>
      </object_component>
      <object_component id="oc-7b">
         <name>.debug_abbrev</name>
         <load_address>0x4a8</load_address>
         <run_address>0x4a8</run_address>
         <size>0x13c</size>
         <input_file_ref idref="fl-9"/>
      </object_component>
      <object_component id="oc-80">
         <name>.debug_abbrev</name>
         <load_address>0x5e4</load_address>
         <run_address>0x5e4</run_address>
         <size>0x103</size>
         <input_file_ref idref="fl-a"/>
      </object_component>
      <object_component id="oc-85">
         <name>.debug_abbrev</name>
         <load_address>0x6e7</load_address>
         <run_address>0x6e7</run_address>
         <size>0x63</size>
         <input_file_ref idref="fl-b"/>
      </object_component>
      <object_component id="oc-c1">
         <name>.debug_abbrev</name>
         <load_address>0x74a</load_address>
         <run_address>0x74a</run_address>
         <size>0xc4</size>
         <input_file_ref idref="fl-c"/>
      </object_component>
      <object_component id="oc-c5">
         <name>.debug_abbrev</name>
         <load_address>0x80e</load_address>
         <run_address>0x80e</run_address>
         <size>0xdc</size>
         <input_file_ref idref="fl-d"/>
      </object_component>
      <object_component id="oc-c8">
         <name>.debug_abbrev</name>
         <load_address>0x8ea</load_address>
         <run_address>0x8ea</run_address>
         <size>0x21</size>
         <input_file_ref idref="fl-e"/>
      </object_component>
      <object_component id="oc-ca">
         <name>.debug_abbrev</name>
         <load_address>0x90b</load_address>
         <run_address>0x90b</run_address>
         <size>0x21</size>
         <input_file_ref idref="fl-f"/>
      </object_component>
      <object_component id="oc-ce">
         <name>.debug_abbrev</name>
         <load_address>0x92c</load_address>
         <run_address>0x92c</run_address>
         <size>0x93</size>
         <input_file_ref idref="fl-10"/>
      </object_component>
      <object_component id="oc-d3">
         <name>.debug_abbrev</name>
         <load_address>0x9bf</load_address>
         <run_address>0x9bf</run_address>
         <size>0x13e</size>
         <input_file_ref idref="fl-11"/>
      </object_component>
      <object_component id="oc-d8">
         <name>.debug_abbrev</name>
         <load_address>0xafd</load_address>
         <run_address>0xafd</run_address>
         <size>0xc8</size>
         <input_file_ref idref="fl-12"/>
      </object_component>
      <object_component id="oc-dd">
         <name>.debug_abbrev</name>
         <load_address>0xbc5</load_address>
         <run_address>0xbc5</run_address>
         <size>0x116</size>
         <input_file_ref idref="fl-13"/>
      </object_component>
      <object_component id="oc-e2">
         <name>.debug_abbrev</name>
         <load_address>0xcdb</load_address>
         <run_address>0xcdb</run_address>
         <size>0xea</size>
         <input_file_ref idref="fl-14"/>
      </object_component>
      <object_component id="oc-e7">
         <name>.debug_abbrev</name>
         <load_address>0xdc5</load_address>
         <run_address>0xdc5</run_address>
         <size>0x12f</size>
         <input_file_ref idref="fl-15"/>
      </object_component>
      <object_component id="oc-ec">
         <name>.debug_abbrev</name>
         <load_address>0xef4</load_address>
         <run_address>0xef4</run_address>
         <size>0x1a3</size>
         <input_file_ref idref="fl-16"/>
      </object_component>
      <object_component id="oc-f1">
         <name>.debug_abbrev</name>
         <load_address>0x1097</load_address>
         <run_address>0x1097</run_address>
         <size>0x2f</size>
         <input_file_ref idref="fl-17"/>
      </object_component>
      <object_component id="oc-f6">
         <name>.debug_abbrev</name>
         <load_address>0x10c6</load_address>
         <run_address>0x10c6</run_address>
         <size>0x1ec</size>
         <input_file_ref idref="fl-18"/>
      </object_component>
      <object_component id="oc-fd">
         <name>.debug_abbrev</name>
         <load_address>0x12b2</load_address>
         <run_address>0x12b2</run_address>
         <size>0x1a3</size>
         <input_file_ref idref="fl-19"/>
      </object_component>
      <object_component id="oc-104">
         <name>.debug_abbrev</name>
         <load_address>0x1455</load_address>
         <run_address>0x1455</run_address>
         <size>0x13e</size>
         <input_file_ref idref="fl-1a"/>
      </object_component>
      <object_component id="oc-109">
         <name>.debug_abbrev</name>
         <load_address>0x1593</load_address>
         <run_address>0x1593</run_address>
         <size>0x1cc</size>
         <input_file_ref idref="fl-1b"/>
      </object_component>
      <object_component id="oc-10e">
         <name>.debug_abbrev</name>
         <load_address>0x175f</load_address>
         <run_address>0x175f</run_address>
         <size>0x13d</size>
         <input_file_ref idref="fl-1c"/>
      </object_component>
      <object_component id="oc-113">
         <name>.debug_abbrev</name>
         <load_address>0x189c</load_address>
         <run_address>0x189c</run_address>
         <size>0x104</size>
         <input_file_ref idref="fl-1d"/>
      </object_component>
      <object_component id="oc-118">
         <name>.debug_abbrev</name>
         <load_address>0x19a0</load_address>
         <run_address>0x19a0</run_address>
         <size>0x13d</size>
         <input_file_ref idref="fl-1e"/>
      </object_component>
      <object_component id="oc-120">
         <name>.debug_abbrev</name>
         <load_address>0x1add</load_address>
         <run_address>0x1add</run_address>
         <size>0x1a8</size>
         <input_file_ref idref="fl-1f"/>
      </object_component>
      <object_component id="oc-125">
         <name>.debug_abbrev</name>
         <load_address>0x1c85</load_address>
         <run_address>0x1c85</run_address>
         <size>0xc6</size>
         <input_file_ref idref="fl-26"/>
      </object_component>
      <object_component id="oc-12c">
         <name>.debug_abbrev</name>
         <load_address>0x1d4b</load_address>
         <run_address>0x1d4b</run_address>
         <size>0x46</size>
         <input_file_ref idref="fl-27"/>
      </object_component>
      <object_component id="oc-131">
         <name>.debug_abbrev</name>
         <load_address>0x1d91</load_address>
         <run_address>0x1d91</run_address>
         <size>0x38</size>
         <input_file_ref idref="fl-28"/>
      </object_component>
      <object_component id="oc-136">
         <name>.debug_abbrev</name>
         <load_address>0x1dc9</load_address>
         <run_address>0x1dc9</run_address>
         <size>0xe3</size>
         <input_file_ref idref="fl-29"/>
      </object_component>
      <object_component id="oc-13b">
         <name>.debug_abbrev</name>
         <load_address>0x1eac</load_address>
         <run_address>0x1eac</run_address>
         <size>0xa8</size>
         <input_file_ref idref="fl-2a"/>
      </object_component>
      <object_component id="oc-140">
         <name>.debug_abbrev</name>
         <load_address>0x1f54</load_address>
         <run_address>0x1f54</run_address>
         <size>0x68</size>
         <input_file_ref idref="fl-2b"/>
      </object_component>
      <object_component id="oc-145">
         <name>.debug_abbrev</name>
         <load_address>0x1fbc</load_address>
         <run_address>0x1fbc</run_address>
         <size>0x66</size>
         <input_file_ref idref="fl-2c"/>
      </object_component>
      <object_component id="oc-14c">
         <name>.debug_abbrev</name>
         <load_address>0x2022</load_address>
         <run_address>0x2022</run_address>
         <size>0x130</size>
         <input_file_ref idref="fl-2d"/>
      </object_component>
      <object_component id="oc-151">
         <name>.debug_abbrev</name>
         <load_address>0x2152</load_address>
         <run_address>0x2152</run_address>
         <size>0xb2</size>
         <input_file_ref idref="fl-2e"/>
      </object_component>
      <object_component id="oc-156">
         <name>.debug_abbrev</name>
         <load_address>0x2204</load_address>
         <run_address>0x2204</run_address>
         <size>0xee</size>
         <input_file_ref idref="fl-2f"/>
      </object_component>
      <object_component id="oc-15c">
         <name>.debug_abbrev</name>
         <load_address>0x22f2</load_address>
         <run_address>0x22f2</run_address>
         <size>0x9f</size>
         <input_file_ref idref="fl-30"/>
      </object_component>
      <object_component id="oc-1db">
         <name>.debug_abbrev</name>
         <load_address>0x2391</load_address>
         <run_address>0x2391</run_address>
         <size>0xf</size>
      </object_component>
      <object_component id="oc-58">
         <name>.debug_aranges</name>
         <load_address>0x0</load_address>
         <run_address>0x0</run_address>
         <size>0x18</size>
         <input_file_ref idref="fl-2"/>
      </object_component>
      <object_component id="oc-60">
         <name>.debug_aranges</name>
         <load_address>0x18</load_address>
         <run_address>0x18</run_address>
         <size>0x28</size>
         <input_file_ref idref="fl-4"/>
      </object_component>
      <object_component id="oc-67">
         <name>.debug_aranges</name>
         <load_address>0x40</load_address>
         <run_address>0x40</run_address>
         <size>0x28</size>
         <input_file_ref idref="fl-5"/>
      </object_component>
      <object_component id="oc-6c">
         <name>.debug_aranges</name>
         <load_address>0x68</load_address>
         <run_address>0x68</run_address>
         <size>0x20</size>
         <input_file_ref idref="fl-6"/>
      </object_component>
      <object_component id="oc-72">
         <name>.debug_aranges</name>
         <load_address>0x88</load_address>
         <run_address>0x88</run_address>
         <size>0x2f8</size>
         <input_file_ref idref="fl-7"/>
      </object_component>
      <object_component id="oc-77">
         <name>.debug_aranges</name>
         <load_address>0x380</load_address>
         <run_address>0x380</run_address>
         <size>0x18</size>
         <input_file_ref idref="fl-8"/>
      </object_component>
      <object_component id="oc-7c">
         <name>.debug_aranges</name>
         <load_address>0x398</load_address>
         <run_address>0x398</run_address>
         <size>0x38</size>
         <input_file_ref idref="fl-9"/>
      </object_component>
      <object_component id="oc-81">
         <name>.debug_aranges</name>
         <load_address>0x3d0</load_address>
         <run_address>0x3d0</run_address>
         <size>0x18</size>
         <input_file_ref idref="fl-a"/>
      </object_component>
      <object_component id="oc-86">
         <name>.debug_aranges</name>
         <load_address>0x3e8</load_address>
         <run_address>0x3e8</run_address>
         <size>0x18</size>
         <input_file_ref idref="fl-b"/>
      </object_component>
      <object_component id="oc-c6">
         <name>.debug_aranges</name>
         <load_address>0x400</load_address>
         <run_address>0x400</run_address>
         <size>0x20</size>
         <input_file_ref idref="fl-d"/>
      </object_component>
      <object_component id="oc-cf">
         <name>.debug_aranges</name>
         <load_address>0x420</load_address>
         <run_address>0x420</run_address>
         <size>0x20</size>
         <input_file_ref idref="fl-10"/>
      </object_component>
      <object_component id="oc-d4">
         <name>.debug_aranges</name>
         <load_address>0x440</load_address>
         <run_address>0x440</run_address>
         <size>0x18</size>
         <input_file_ref idref="fl-11"/>
      </object_component>
      <object_component id="oc-d9">
         <name>.debug_aranges</name>
         <load_address>0x458</load_address>
         <run_address>0x458</run_address>
         <size>0x28</size>
         <input_file_ref idref="fl-12"/>
      </object_component>
      <object_component id="oc-de">
         <name>.debug_aranges</name>
         <load_address>0x480</load_address>
         <run_address>0x480</run_address>
         <size>0x20</size>
         <input_file_ref idref="fl-13"/>
      </object_component>
      <object_component id="oc-e3">
         <name>.debug_aranges</name>
         <load_address>0x4a0</load_address>
         <run_address>0x4a0</run_address>
         <size>0x18</size>
         <input_file_ref idref="fl-14"/>
      </object_component>
      <object_component id="oc-e8">
         <name>.debug_aranges</name>
         <load_address>0x4b8</load_address>
         <run_address>0x4b8</run_address>
         <size>0x18</size>
[...]
      </symbol>
      <symbol id="sm-2e8">
         <name>_ECap1Regs</name>
         <value>0x6a00</value>
         <object_component_ref idref="oc-a0"/>
      </symbol>
      <symbol id="sm-2e9">
         <name>_EmuKey</name>
         <value>0xd00</value>
         <object_component_ref idref="oc-89"/>
      </symbol>
      <symbol id="sm-2ea">
         <name>_Cla1Regs</name>
         <value>0x1400</value>
         <object_component_ref idref="oc-af"/>
      </symbol>
      <symbol id="sm-2eb">
         <name>_EQep1Regs</name>
         <value>0x6b00</value>
         <object_component_ref idref="oc-a9"/>
      </symbol>
      <symbol id="sm-2ec">
         <name>_McbspaRegs</name>
         <value>0x5000</value>
         <object_component_ref idref="oc-ac"/>
      </symbol>
      <symbol id="sm-2ed">
         <name>_EPwm1Regs</name>
         <value>0x6800</value>
         <object_component_ref idref="oc-b3"/>
      </symbol>
      <symbol id="sm-2ee">
         <name>_ScibRegs</name>
         <value>0x7750</value>
         <object_component_ref idref="oc-98"/>
      </symbol>
      <symbol id="sm-2ef">
         <name>_ECap2Regs</name>
         <value>0x6a20</value>
         <object_component_ref idref="oc-a1"/>
      </symbol>
      <symbol id="sm-2f0">
         <name>_GpioIntRegs</name>
         <value>0x6fe0</value>
         <object_component_ref idref="oc-a4"/>
      </symbol>
      <symbol id="sm-2f1">
         <name>_EQep2Regs</name>
         <value>0x6b40</value>
         <object_component_ref idref="oc-aa"/>
      </symbol>
      <symbol id="sm-2f2">
         <name>_PartIdRegs</name>
         <value>0x3d7e80</value>
         <object_component_ref idref="oc-88"/>
      </symbol>
      <symbol id="sm-2f3">
         <name>_HRCap3Regs</name>
         <value>0x6c80</value>
         <object_component_ref idref="oc-a7"/>
      </symbol>
      <symbol id="sm-2f4">
         <name>_EPwm8Regs</name>
         <value>0x69c0</value>
         <object_component_ref idref="oc-ba"/>
      </symbol>
      <symbol id="sm-2f5">
         <name>_Flash_CPUScaleFactor</name>
         <value>0xd04</value>
         <object_component_ref idref="oc-8b"/>
      </symbol>
      <symbol id="sm-2f6">
         <name>_EPwm2Regs</name>
         <value>0x6840</value>
         <object_component_ref idref="oc-b4"/>
      </symbol>
      <symbol id="sm-2f7">
         <name>_ECanaMboxes</name>
         <value>0x6100</value>
         <object_component_ref idref="oc-be"/>
      </symbol>
      <symbol id="sm-2f8">
         <name>_ECap3Regs</name>
         <value>0x6a40</value>
         <object_component_ref idref="oc-a2"/>
      </symbol>
      <symbol id="sm-2f9">
         <name>_HRCap2Regs</name>
         <value>0x6ae0</value>
         <object_component_ref idref="oc-a6"/>
      </symbol>
      <symbol id="sm-2fa">
         <name>_NmiIntruptRegs</name>
         <value>0x7060</value>
         <object_component_ref idref="oc-96"/>
      </symbol>
      <symbol id="sm-2fb">
         <name>_ECanaMOTORegs</name>
         <value>0x60c0</value>
         <object_component_ref idref="oc-b2"/>
      </symbol>
      <symbol id="sm-2fc">
         <name>_Flash_CallbackPtr</name>
         <value>0xd02</value>
         <object_component_ref idref="oc-8c"/>
      </symbol>
      <symbol id="sm-2fd">
         <name>_EPwm3Regs</name>
         <value>0x6880</value>
         <object_component_ref idref="oc-b5"/>
      </symbol>
      <symbol id="sm-2fe">
         <name>_I2caRegs</name>
         <value>0x7900</value>
         <object_component_ref idref="oc-ab"/>
      </symbol>
      <symbol id="sm-30a">
         <name>_InitGpio</name>
         <value>0x3f74cb</value>
         <object_component_ref idref="oc-175"/>
      </symbol>
      <symbol id="sm-31f">
         <name>_MemCopy</name>
         <value>0x3f7887</value>
         <object_component_ref idref="oc-177"/>
      </symbol>
      <symbol id="sm-335">
         <name>_InitPieCtrl</name>
         <value>0x3f77f8</value>
         <object_component_ref idref="oc-173"/>
      </symbol>
      <symbol id="sm-337">
         <name>_EnableInterrupts</name>
         <value>0x3f7817</value>
         <object_component_ref idref="oc-173"/>
      </symbol>
      <symbol id="sm-348">
         <name>_PieVectTableInit</name>
         <value>0x3f78c4</value>
         <object_component_ref idref="oc-17d"/>
      </symbol>
      <symbol id="sm-349">
         <name>_InitPieVectTable</name>
         <value>0x3f7820</value>
         <object_component_ref idref="oc-174"/>
      </symbol>
      <symbol id="sm-375">
         <name>_InitPll</name>
         <value>0x3f7367</value>
         <object_component_ref idref="oc-172"/>
      </symbol>
      <symbol id="sm-377">
         <name>_IntOsc1Sel</name>
         <value>0x3f7470</value>
         <object_component_ref idref="oc-172"/>
      </symbol>
      <symbol id="sm-379">
         <name>_ExtOscSel</name>
         <value>0x3f74b5</value>
         <object_component_ref idref="oc-172"/>
      </symbol>
      <symbol id="sm-37b">
         <name>_DisableDog</name>
         <value>0x3f735f</value>
         <object_component_ref idref="oc-172"/>
      </symbol>
      <symbol id="sm-37d">
         <name>_InitPeripheralClocks</name>
         <value>0x3f73e9</value>
         <object_component_ref idref="oc-172"/>
      </symbol>
      <symbol id="sm-37f">
         <name>_IntOsc2Sel</name>
         <value>0x3f7480</value>
         <object_component_ref idref="oc-172"/>
      </symbol>
      <symbol id="sm-381">
         <name>_InitFlash</name>
         <value>0x8000</value>
         <object_component_ref idref="oc-178"/>
      </symbol>
      <symbol id="sm-383">
         <name>_CsmUnlock</name>
         <value>0x3f743f</value>
         <object_component_ref idref="oc-172"/>
      </symbol>
      <symbol id="sm-385">
         <name>_InitPll2</name>
         <value>0x3f73bb</value>
         <object_component_ref idref="oc-172"/>
      </symbol>
      <symbol id="sm-387">
         <name>_ServiceDog</name>
         <value>0x3f7355</value>
         <object_component_ref idref="oc-172"/>
      </symbol>
      <symbol id="sm-389">
         <name>_XtalOscSel</name>
         <value>0x3f749a</value>
         <object_component_ref idref="oc-172"/>
      </symbol>
      <symbol id="sm-38b">
         <name>_InitSysCtrl</name>
         <value>0x3f733b</value>
         <object_component_ref idref="oc-172"/>
      </symbol>
      <symbol id="sm-398">
         <name>_DSP28x_usDelay</name>
         <value>0x801b</value>
         <object_component_ref idref="oc-ee"/>
      </symbol>
      <symbol id="sm-3d3">
         <name>_GetChargeLimit10s_A</name>
         <value>0x3f6998</value>
         <object_component_ref idref="oc-15f"/>
      </symbol>
      <symbol id="sm-3d5">
         <name>_Calkokam100AhSocHandle</name>
         <value>0x3f6aa7</value>
         <object_component_ref idref="oc-15f"/>
      </symbol>
      <symbol id="sm-3d7">
         <name>_CalKokam100AhRegsInit</name>
         <value>0x3f69ae</value>
         <object_component_ref idref="oc-15f"/>
      </symbol>
      <symbol id="sm-3d9">
         <name>_GetChargeLimitCont_A</name>
         <value>0x3f69a3</value>
         <object_component_ref idref="oc-15f"/>
      </symbol>
      <symbol id="sm-3db">
         <name>_GetDischargeLimit30s_A</name>
         <value>0x3f6982</value>
         <object_component_ref idref="oc-15f"/>
      </symbol>
      <symbol id="sm-3dd">
         <name>_CalKokam100AhSocInit</name>
         <value>0x3f6a24</value>
         <object_component_ref idref="oc-15f"/>
      </symbol>
      <symbol id="sm-3df">
         <name>_GetDischargeLimitCont_A</name>
         <value>0x3f698d</value>
         <object_component_ref idref="oc-15f"/>
      </symbol>
      <symbol id="sm-414">
         <name>_BatCalcTempsHandle</name>
         <value>0x3f65ae</value>
         <object_component_ref idref="oc-160"/>
      </symbol>
      <symbol id="sm-416">
         <name>_BatCalcVoltHandle</name>
         <value>0x3f649c</value>
         <object_component_ref idref="oc-160"/>
      </symbol>
      <symbol id="sm-418">
         <name>_RandVaule</name>
         <value>0x3f637f</value>
         <object_component_ref idref="oc-160"/>
      </symbol>
      <symbol id="sm-41a">
         <name>_BatCalcRegsInit</name>
         <value>0x3f63b7</value>
         <object_component_ref idref="oc-160"/>
      </symbol>
      <symbol id="sm-41c">
         <name>_BatCalcIRHandle</name>
         <value>0x3f67ea</value>
         <object_component_ref idref="oc-160"/>
      </symbol>
      <symbol id="sm-42b">
         <name>_gBattery_C1_F</name>
         <value>0xa586</value>
         <object_component_ref idref="oc-101"/>
      </symbol>
      <symbol id="sm-42c">
         <name>_gTrace_RC</name>
         <value>0xa590</value>
         <object_component_ref idref="oc-101"/>
      </symbol>
      <symbol id="sm-42d">
         <name>_gTrace_R0</name>
         <value>0xa58c</value>
         <object_component_ref idref="oc-101"/>
      </symbol>
      <symbol id="sm-42e">
         <name>_gTrace_R1</name>
         <value>0xa58e</value>
         <object_component_ref idref="oc-101"/>
      </symbol>
      <symbol id="sm-42f">
         <name>_gBatteryModel</name>
         <value>0xa5c0</value>
         <object_component_ref idref="oc-101"/>
      </symbol>
      <symbol id="sm-430">
         <name>_gTrace_TV</name>
         <value>0xa594</value>
         <object_component_ref idref="oc-101"/>
      </symbol>
      <symbol id="sm-431">
         <name>_gTrace_IR</name>
         <value>0xa592</value>
         <object_component_ref idref="oc-101"/>
      </symbol>
      <symbol id="sm-432">
         <name>_gTrace_OutV</name>
         <value>0xa596</value>
         <object_component_ref idref="oc-101"/>
      </symbol>
      <symbol id="sm-433">
         <name>_gBattery_InitSocPct</name>
         <value>0xa580</value>
         <object_component_ref idref="oc-101"/>
      </symbol>
      <symbol id="sm-434">
         <name>_gBattery_CapacityAh</name>
         <value>0xa582</value>
         <object_component_ref idref="oc-101"/>
      </symbol>
      <symbol id="sm-435">
         <name>_gTrace_OCV</name>
         <value>0xa58a</value>
         <object_component_ref idref="oc-101"/>
      </symbol>
      <symbol id="sm-436">
         <name>_gBattery_InputCurrentA</name>
         <value>0xa584</value>
         <object_component_ref idref="oc-101"/>
      </symbol>
      <symbol id="sm-437">
         <name>_gTrace_SOC</name>
         <value>0xa588</value>
         <object_component_ref idref="oc-101"/>
      </symbol>
      <symbol id="sm-517">
         <name>_CalSysFaultCheck</name>
         <value>0x3f4add</value>
         <object_component_ref idref="oc-15e"/>
      </symbol>
      <symbol id="sm-519">
         <name>_ProtectRelayTimerHandle</name>
         <value>0x3f5169</value>
         <object_component_ref idref="oc-15e"/>
      </symbol>
      <symbol id="sm-51b">
         <name>_SysUnitBMSStatus</name>
         <value>0x3f4435</value>
         <object_component_ref idref="oc-15e"/>
      </symbol>
      <symbol id="sm-51d">
         <name>_DigitalInput</name>
         <value>0x3f5000</value>
         <object_component_ref idref="oc-15e"/>
      </symbol>
      <symbol id="sm-51f">
         <name>_SysTimerINIT</name>
         <value>0x3f4092</value>
         <object_component_ref idref="oc-15e"/>
      </symbol>
      <symbol id="sm-521">
         <name>_DigitalOutput</name>
         <value>0x3f5084</value>
         <object_component_ref idref="oc-15e"/>
      </symbol>
      <symbol id="sm-523">
         <name>_SysCommErrHandle</name>
         <value>0x3f4597</value>
         <object_component_ref idref="oc-15e"/>
      </symbol>
      <symbol id="sm-525">
         <name>_CANRegVarINIT</name>
         <value>0x3f4274</value>
         <object_component_ref idref="oc-15e"/>
      </symbol>
      <symbol id="sm-527">
         <name>_CalSysAlarmtCheck</name>
         <value>0x3f46d0</value>
         <object_component_ref idref="oc-15e"/>
      </symbol>
      <symbol id="sm-529">
         <name>_float32ToInt</name>
         <value>0x3f4fea</value>
         <object_component_ref idref="oc-15e"/>
      </symbol>
      <symbol id="sm-52b">
         <name>_SysVarINIT</name>
         <value>0x3f40e8</value>
         <object_component_ref idref="oc-15e"/>
      </symbol>
      <symbol id="sm-52d">
         <name>_TimerinitHandle</name>
         <value>0x3f5158</value>
         <object_component_ref idref="oc-15e"/>
      </symbol>
      <symbol id="sm-52f">
         <name>_CANATX</name>
         <value>0x3f4000</value>
         <object_component_ref idref="oc-15e"/>
      </symbol>
      <symbol id="sm-531">
         <name>_CalSysProtectCheck</name>
         <value>0x3f4ebc</value>
         <object_component_ref idref="oc-15e"/>
      </symbol>
      <symbol id="sm-533">
         <name>_ModuleInit</name>
         <value>0x3f4392</value>
         <object_component_ref idref="oc-15e"/>
      </symbol>
      <symbol id="sm-535">
         <name>_TestCurrentlimt_StepUpdate_200ms</name>
         <value>0x3f51a3</value>
         <object_component_ref idref="oc-15e"/>
      </symbol>
      <symbol id="sm-537">
         <name>_SysCurrentHandle</name>
         <value>0x3f4654</value>
         <object_component_ref idref="oc-15e"/>
      </symbol>
      <symbol id="sm-55c">
         <name>_ProtectRlyOnInit</name>
         <value>0x3f7319</value>
         <object_component_ref idref="oc-17a"/>
      </symbol>
      <symbol id="sm-55e">
         <name>_ProtectRelayHandle</name>
         <value>0x3f71c7</value>
         <object_component_ref idref="oc-17a"/>
      </symbol>
      <symbol id="sm-560">
         <name>_ProtectRlyOffInit</name>
         <value>0x3f732b</value>
         <object_component_ref idref="oc-17a"/>
      </symbol>
      <symbol id="sm-562">
         <name>_ProtectRlyVarINIT</name>
         <value>0x3f719b</value>
         <object_component_ref idref="oc-17a"/>
      </symbol>
      <symbol id="sm-61d">
         <name>_CANTXFALAG</name>
         <value>0xa000</value>
         <object_component_ref idref="oc-11c"/>
      </symbol>
      <symbol id="sm-61e">
         <name>_main</name>
         <value>0x3f6fce</value>
         <object_component_ref idref="oc-16e"/>
      </symbol>
      <symbol id="sm-620">
         <name>_ISR_CANRXINTA</name>
         <value>0x3f5868</value>
         <object_component_ref idref="oc-11d"/>
      </symbol>
      <symbol id="sm-622">
         <name>_ModRegs</name>
         <value>0xa300</value>
         <object_component_ref idref="oc-11c"/>
      </symbol>
      <symbol id="sm-623">
         <name>_PrtectRelayRegs</name>
         <value>0xa006</value>
         <object_component_ref idref="oc-11c"/>
      </symbol>
      <symbol id="sm-624">
         <name>_BatCalcRegs</name>
         <value>0xa440</value>
         <object_component_ref idref="oc-11c"/>
      </symbol>
      <symbol id="sm-625">
         <name>_NCMsocTestVoltAGV</name>
         <value>0xa004</value>
         <object_component_ref idref="oc-11c"/>
      </symbol>
      <symbol id="sm-626">
         <name>_cpu_timer0_isr</name>
         <value>0x3f51da</value>
         <object_component_ref idref="oc-11d"/>
      </symbol>
      <symbol id="sm-628">
         <name>_CANTXFALAG12</name>
         <value>0xa002</value>
         <object_component_ref idref="oc-11c"/>
      </symbol>
      <symbol id="sm-629">
         <name>_CANTXFALAG1</name>
         <value>0xa001</value>
         <object_component_ref idref="oc-11c"/>
      </symbol>
      <symbol id="sm-62a">
         <name>_SysRegs</name>
         <value>0xa140</value>
         <object_component_ref idref="oc-11c"/>
      </symbol>
      <symbol id="sm-62b">
         <name>_CANARegs</name>
         <value>0xa200</value>
         <object_component_ref idref="oc-11c"/>
      </symbol>
      <symbol id="sm-62c">
         <name>_CANBRegs</name>
         <value>0xa040</value>
         <object_component_ref idref="oc-11c"/>
      </symbol>
      <symbol id="sm-62d">
         <name>_Kam100AHSocRegs</name>
         <value>0xa0c0</value>
         <object_component_ref idref="oc-11c"/>
      </symbol>
      <symbol id="sm-63f">
         <name>_round</name>
         <value>0x3f7796</value>
         <object_component_ref idref="oc-166"/>
      </symbol>
      <symbol id="sm-640">
         <name>_roundf</name>
         <value>0x3f7796</value>
         <object_component_ref idref="oc-166"/>
      </symbol>
      <symbol id="sm-65c">
         <name>_c_int00</name>
         <value>0x3f7740</value>
         <object_component_ref idref="oc-127"/>
      </symbol>
      <symbol id="sm-65d">
         <name>__stack</name>
         <value>0x50</value>
         <object_component_ref idref="oc-128"/>
      </symbol>
      <symbol id="sm-66e">
         <name>FS$$DIV</name>
         <value>0x3f75e6</value>
         <object_component_ref idref="oc-12e"/>
      </symbol>
      <symbol id="sm-67d">
         <name>_copy_in</name>
         <value>0x3f7846</value>
         <object_component_ref idref="oc-162"/>
      </symbol>
      <symbol id="sm-68f">
         <name>_memcpy</name>
         <value>0x3f786a</value>
         <object_component_ref idref="oc-16d"/>
      </symbol>
      <symbol id="sm-69c">
         <name>__system_pre_init</name>
         <value>0x3f78c0</value>
         <object_component_ref idref="oc-161"/>
      </symbol>
      <symbol id="sm-6aa">
         <name>__system_post_cinit</name>
         <value>0x3f78c2</value>
         <object_component_ref idref="oc-163"/>
      </symbol>
      <symbol id="sm-6bf">
         <name>C$$EXIT</name>
         <value>0x3f77cf</value>
         <object_component_ref idref="oc-165"/>
      </symbol>
      <symbol id="sm-6c0">
         <name>_exit</name>
         <value>0x3f77d1</value>
         <object_component_ref idref="oc-165"/>
      </symbol>
      <symbol id="sm-6c2">
         <name>___TI_cleanup_ptr</name>
         <value>0xa568</value>
         <object_component_ref idref="oc-149"/>
      </symbol>
      <symbol id="sm-6c3">
         <name>___TI_enable_exit_profile_output</name>
         <value>0xa566</value>
         <object_component_ref idref="oc-149"/>
      </symbol>
      <symbol id="sm-6c4">
         <name>_abort</name>
         <value>0x3f77cf</value>
         <object_component_ref idref="oc-165"/>
      </symbol>
      <symbol id="sm-6c6">
         <name>___TI_dtors_ptr</name>
         <value>0xa56a</value>
         <object_component_ref idref="oc-149"/>
      </symbol>
      <symbol id="sm-6da">
         <name>__unlock</name>
         <value>0xa570</value>
         <object_component_ref idref="oc-17e"/>
      </symbol>
      <symbol id="sm-6db">
         <name>__lock</name>
         <value>0xa56e</value>
         <object_component_ref idref="oc-16f"/>
      </symbol>
      <symbol id="sm-6dc">
         <name>__register_lock</name>
         <value>0x3f78b0</value>
         <object_component_ref idref="oc-17b"/>
      </symbol>
      <symbol id="sm-6de">
         <name>__nop</name>
         <value>0x3f78b4</value>
         <object_component_ref idref="oc-17b"/>
      </symbol>
      <symbol id="sm-6e0">
         <name>__register_unlock</name>
         <value>0x3f78ac</value>
         <object_component_ref idref="oc-17b"/>
      </symbol>
      <symbol id="sm-6f0">
         <name>__args_main</name>
         <value>0x3f789a</value>
         <object_component_ref idref="oc-164"/>
      </symbol>
      <symbol id="sm-707">
         <name>_floorf</name>
         <value>0x3f76e7</value>
         <object_component_ref idref="oc-171"/>
      </symbol>
      <symbol id="sm-709">
         <name>_floor</name>
         <value>0x3f76e7</value>
         <object_component_ref idref="oc-171"/>
      </symbol>
   </symbol_table>
   <title>Link successful</title>
</link_info>
