******************************************************************************
  TMS320C2000 Evaluation Linker PC v5.2.10                     
******************************************************************************
>> Linked Sat Apr 09 16:22:22 2011

OUTPUT FILE NAME:   <Example_2806xGpioToggle.out>
ENTRY POINT SYMBOL: "code_start"  address: 00000000


MEMORY CONFIGURATION

         name            origin    length      used     unused   attr    fill
----------------------  --------  ---------  --------  --------  ----  --------
PAGE 0:
  BEGIN                 00000000   00000002  00000002  00000000  RWIX
  RAMM0                 00000050   000003b0  00000035  0000037b  RWIX
  RAML0_L3              00008000   00002000  00000615  000019eb  RWIX
  FPUTABLES             003fd860   000006a0  00000000  000006a0  RWIX
  IQTABLES              003fdf00   00000b50  00000000  00000b50  RWIX
  IQTABLES2             003fea50   0000008c  00000000  0000008c  RWIX
  IQTABLES3             003feadc   000000aa  00000000  000000aa  RWIX
  BOOTROM               003ff3b0   00000c10  00000000  00000c10  RWIX
  RESET                 003fffc0   00000002  00000000  00000002  RWIX

PAGE 1:
  BOOT_RSVD             00000002   0000004e  0000004e  00000000  RWIX
  RAMM1                 00000480   00000380  00000380  00000000  RWIX
  RAML4                 0000a000   00002000  0000081d  000017e3  RWIX
  RAML5                 0000c000   00002000  00000000  00002000  RWIX
  RAML6                 0000e000   00002000  00000000  00002000  RWIX
  RAML7                 00010000   00002000  00000000  00002000  RWIX
  RAML8                 00012000   00002000  00000000  00002000  RWIX


SECTION ALLOCATION MAP

 output                                  attributes/
section   page    origin      length       input sections
--------  ----  ----------  ----------   ----------------
codestart 
*          0    00000000    00000002     
                  00000000    00000002     F2806x_CodeStartBranch.obj (codestart)

.pinit     0    00000050    00000000     UNINITIALIZED

ramfuncs   0    00000050    0000001f     
                  00000050    0000001b     F2806x_SysCtrl.obj (ramfuncs)
                  0000006b    00000004     F2806x_usDelay.obj (ramfuncs)

.cinit     0    0000006f    00000016     
                  0000006f    0000000a     rts2800_fpu32.lib : _lock.obj (.cinit)
                  00000079    0000000a                       : exit.obj (.cinit)
                  00000083    00000002     --HOLE-- [fill = 0]

.text      0    00008000    00000615     
                  00008000    00000369     F2806x_DefaultIsr.obj (.text)
                  00008369    0000014b     F2806x_SysCtrl.obj (.text)
                  000084b4    00000074     Example_2806xGpioToggle.obj (.text)
                  00008528    00000046     rts2800_fpu32.lib : boot.obj (.text)
                  0000856e    00000028     F2806x_PieCtrl.obj (.text)
                  00008596    00000025     F2806x_PieVect.obj (.text)
                  000085bb    0000001b     rts2800_fpu32.lib : args_main.obj (.text)
                  000085d6    00000019                       : exit.obj (.text)
                  000085ef    00000015     F2806x_Gpio.obj (.text)
                  00008604    00000009     rts2800_fpu32.lib : _lock.obj (.text)
                  0000860d    00000008     F2806x_CodeStartBranch.obj (.text)

.reset     0    003fffc0    00000002     DSECT
                  003fffc0    00000002     rts2800_fpu32.lib : boot.obj (.reset)

ECanaRegsFile 
*          1    00000002    00000034     UNINITIALIZED
                  00000002    00000034     F2806x_GlobalVariableDefs.obj (ECanaRegsFile)

CpuTimer0RegsFile 
*          1    00000036    00000008     UNINITIALIZED
                  00000036    00000008     F2806x_GlobalVariableDefs.obj (CpuTimer0RegsFile)

FlashCallbackVar 
*          1    0000003e    00000002     UNINITIALIZED
                  0000003e    00000002     F2806x_GlobalVariableDefs.obj (FlashCallbackVar)

AdcResultFile 
*          1    00000040    00000010     UNINITIALIZED
                  00000040    00000010     F2806x_GlobalVariableDefs.obj (AdcResultFile)

.stack     1    00000480    00000200     UNINITIALIZED
                  00000480    00000200     --HOLE--

ECanaMboxesFile 
*          1    00000680    00000100     UNINITIALIZED
                  00000680    00000100     F2806x_GlobalVariableDefs.obj (ECanaMboxesFile)

AdcRegsFile 
*          1    00000780    00000050     UNINITIALIZED
                  00000780    00000050     F2806x_GlobalVariableDefs.obj (AdcRegsFile)

SysCtrlRegsFile 
*          1    000007d0    00000030     UNINITIALIZED
                  000007d0    00000030     F2806x_GlobalVariableDefs.obj (SysCtrlRegsFile)

.econst    1    0000a000    00000100     
                  0000a000    00000100     F2806x_PieVect.obj (.econst)

.ebss      1    0000a100    00000008     UNINITIALIZED
                  0000a100    00000004     rts2800_fpu32.lib : _lock.obj (.ebss)
                  0000a104    00000004                       : exit.obj (.ebss)

McbspaRegsFile 
*          1    0000a108    00000024     UNINITIALIZED
                  0000a108    00000024     F2806x_GlobalVariableDefs.obj (McbspaRegsFile)

CsmRegsFile 
*          1    0000a12c    00000010     UNINITIALIZED
                  0000a12c    00000010     F2806x_GlobalVariableDefs.obj (CsmRegsFile)

DevEmuRegsFile 
*          1    0000a13c    00000004     UNINITIALIZED
                  0000a13c    00000004     F2806x_GlobalVariableDefs.obj (DevEmuRegsFile)

PieVectTableFile 
*          1    0000a140    00000100     UNINITIALIZED
                  0000a140    00000100     F2806x_GlobalVariableDefs.obj (PieVectTableFile)

DmaRegsFile 
*          1    0000a240    000000e0     UNINITIALIZED
                  0000a240    000000e0     F2806x_GlobalVariableDefs.obj (DmaRegsFile)

ECap1RegsFile 
*          1    0000a320    00000020     UNINITIALIZED
                  0000a320    00000020     F2806x_GlobalVariableDefs.obj (ECap1RegsFile)

Cla1RegsFile 
*          1    0000a340    00000040     UNINITIALIZED
                  0000a340    00000040     F2806x_GlobalVariableDefs.obj (Cla1RegsFile)

ECanaLAMRegsFile 
*          1    0000a380    00000040     UNINITIALIZED
                  0000a380    00000040     F2806x_GlobalVariableDefs.obj (ECanaLAMRegsFile)

ECanaMOTORegsFile 
*          1    0000a3c0    00000040     UNINITIALIZED
                  0000a3c0    00000040     F2806x_GlobalVariableDefs.obj (ECanaMOTORegsFile)

ECanaMOTSRegsFile 
*          1    0000a400    00000040     UNINITIALIZED
                  0000a400    00000040     F2806x_GlobalVariableDefs.obj (ECanaMOTSRegsFile)

EPwm1RegsFile 
*          1    0000a440    00000040     UNINITIALIZED
                  0000a440    00000040     F2806x_GlobalVariableDefs.obj (EPwm1RegsFile)

EPwm2RegsFile 
*          1    0000a480    00000040     UNINITIALIZED
                  0000a480    00000040     F2806x_GlobalVariableDefs.obj (EPwm2RegsFile)

EPwm3RegsFile 
*          1    0000a4c0    00000040     UNINITIALIZED
                  0000a4c0    00000040     F2806x_GlobalVariableDefs.obj (EPwm3RegsFile)

EPwm4RegsFile 
*          1    0000a500    00000040     UNINITIALIZED
                  0000a500    00000040     F2806x_GlobalVariableDefs.obj (EPwm4RegsFile)

EPwm5RegsFile 
*          1    0000a540    00000040     UNINITIALIZED
                  0000a540    00000040     F2806x_GlobalVariableDefs.obj (EPwm5RegsFile)

EPwm6RegsFile 
*          1    0000a580    00000040     UNINITIALIZED
                  0000a580    00000040     F2806x_GlobalVariableDefs.obj (EPwm6RegsFile)

EPwm7RegsFile 
*          1    0000a5c0    00000040     UNINITIALIZED
                  0000a5c0    00000040     F2806x_GlobalVariableDefs.obj (EPwm7RegsFile)

EPwm8RegsFile 
*          1    0000a600    00000040     UNINITIALIZED
                  0000a600    00000040     F2806x_GlobalVariableDefs.obj (EPwm8RegsFile)

GpioCtrlRegsFile 
*          1    0000a640    00000040     UNINITIALIZED
                  0000a640    00000040     F2806x_GlobalVariableDefs.obj (GpioCtrlRegsFile)

EQep1RegsFile 
*          1    0000a680    00000022     UNINITIALIZED
                  0000a680    00000022     F2806x_GlobalVariableDefs.obj (EQep1RegsFile)

PieCtrlRegsFile 
*          1    0000a6a2    0000001a     UNINITIALIZED
                  0000a6a2    0000001a     F2806x_GlobalVariableDefs.obj (PieCtrlRegsFile)

SysPwrCtrlRegsFile 
*          1    0000a6bc    00000003     UNINITIALIZED
                  0000a6bc    00000003     F2806x_GlobalVariableDefs.obj (SysPwrCtrlRegsFile)

EmuBModeVar 
*          1    0000a6bf    00000001     UNINITIALIZED
                  0000a6bf    00000001     F2806x_GlobalVariableDefs.obj (EmuBModeVar)

EQep2RegsFile 
*          1    0000a6c0    00000022     UNINITIALIZED
                  0000a6c0    00000022     F2806x_GlobalVariableDefs.obj (EQep2RegsFile)

NmiIntruptRegsFile 
*          1    0000a6e2    00000010     UNINITIALIZED
                  0000a6e2    00000010     F2806x_GlobalVariableDefs.obj (NmiIntruptRegsFile)

CpuTimer1RegsFile 
*          1    0000a6f2    00000008     UNINITIALIZED
                  0000a6f2    00000008     F2806x_GlobalVariableDefs.obj (CpuTimer1RegsFile)

FlashScalingVar 
*          1    0000a6fa    00000002     UNINITIALIZED
                  0000a6fa    00000002     F2806x_GlobalVariableDefs.obj (FlashScalingVar)

EmuKeyVar 
*          1    0000a6fc    00000001     UNINITIALIZED
                  0000a6fc    00000001     F2806x_GlobalVariableDefs.obj (EmuKeyVar)

PartIdRegsFile 
*          1    0000a6fd    00000001     UNINITIALIZED
                  0000a6fd    00000001     F2806x_GlobalVariableDefs.obj (PartIdRegsFile)

I2caRegsFile 
*          1    0000a700    00000022     UNINITIALIZED
                  0000a700    00000022     F2806x_GlobalVariableDefs.obj (I2caRegsFile)

SciaRegsFile 
*          1    0000a722    00000010     UNINITIALIZED
                  0000a722    00000010     F2806x_GlobalVariableDefs.obj (SciaRegsFile)

CpuTimer2RegsFile 
*          1    0000a732    00000008     UNINITIALIZED
                  0000a732    00000008     F2806x_GlobalVariableDefs.obj (CpuTimer2RegsFile)

ECap2RegsFile 
*          1    0000a740    00000020     UNINITIALIZED
                  0000a740    00000020     F2806x_GlobalVariableDefs.obj (ECap2RegsFile)

ECap3RegsFile 
*          1    0000a760    00000020     UNINITIALIZED
                  0000a760    00000020     F2806x_GlobalVariableDefs.obj (ECap3RegsFile)

GpioDataRegsFile 
*          1    0000a780    00000020     UNINITIALIZED
                  0000a780    00000020     F2806x_GlobalVariableDefs.obj (GpioDataRegsFile)

GpioIntRegsFile 
*          1    0000a7a0    00000020     UNINITIALIZED
                  0000a7a0    00000020     F2806x_GlobalVariableDefs.obj (GpioIntRegsFile)

ScibRegsFile 
*          1    0000a7c0    00000010     UNINITIALIZED
                  0000a7c0    00000010     F2806x_GlobalVariableDefs.obj (ScibRegsFile)

SpiaRegsFile 
*          1    0000a7d0    00000010     UNINITIALIZED
                  0000a7d0    00000010     F2806x_GlobalVariableDefs.obj (SpiaRegsFile)

SpibRegsFile 
*          1    0000a7e0    00000010     UNINITIALIZED
                  0000a7e0    00000010     F2806x_GlobalVariableDefs.obj (SpibRegsFile)

XIntruptRegsFile 
*          1    0000a7f0    00000010     UNINITIALIZED
                  0000a7f0    00000010     F2806x_GlobalVariableDefs.obj (XIntruptRegsFile)

CsmPwlFile 
*          1    0000a800    00000008     UNINITIALIZED
                  0000a800    00000008     F2806x_GlobalVariableDefs.obj (CsmPwlFile)

FlashRegsFile 
*          1    0000a808    00000008     UNINITIALIZED
                  0000a808    00000008     F2806x_GlobalVariableDefs.obj (FlashRegsFile)

Comp1RegsFile 
*          1    0000a810    00000007     UNINITIALIZED
                  0000a810    00000007     F2806x_GlobalVariableDefs.obj (Comp1RegsFile)

Comp2RegsFile 
*          1    0000a817    00000007     UNINITIALIZED
                  0000a817    00000007     F2806x_GlobalVariableDefs.obj (Comp2RegsFile)

Comp3RegsFile 
*          1    0000a81e    00000007     UNINITIALIZED
                  0000a81e    00000007     F2806x_GlobalVariableDefs.obj (Comp3RegsFile)


GLOBAL SYMBOLS: SORTED ALPHABETICALLY BY Name 

address    name
--------   ----
00008000   .text
000085d6   C$$EXIT
000080be   _ADCINT1_ISR
000080c8   _ADCINT2_ISR
0000829e   _ADCINT3_ISR
000082a8   _ADCINT4_ISR
000082b2   _ADCINT5_ISR
000082bc   _ADCINT6_ISR
000082c6   _ADCINT7_ISR
000082d0   _ADCINT8_ISR
000080e6   _ADCINT9_ISR
00000780   _AdcRegs
00000040   _AdcResult
000082da   _CLA1_INT1_ISR
000082e4   _CLA1_INT2_ISR
000082ee   _CLA1_INT3_ISR
000082f8   _CLA1_INT4_ISR
00008302   _CLA1_INT5_ISR
0000830c   _CLA1_INT6_ISR
00008316   _CLA1_INT7_ISR
00008320   _CLA1_INT8_ISR
0000a340   _Cla1Regs
0000a810   _Comp1Regs
0000a817   _Comp2Regs
0000a81e   _Comp3Regs
00000036   _CpuTimer0Regs
0000a6f2   _CpuTimer1Regs
0000a732   _CpuTimer2Regs
0000a800   _CsmPwl
0000a12c   _CsmRegs
00008435   _CsmUnlock
00008014   _DATALOG_ISR
00008212   _DINTCH1_ISR
0000821c   _DINTCH2_ISR
00008226   _DINTCH3_ISR
00008230   _DINTCH4_ISR
0000823a   _DINTCH5_ISR
00008244   _DINTCH6_ISR
0000006b   _DSP28x_usDelay
0000a13c   _DevEmuRegs
0000838d   _DisableDog
0000a240   _DmaRegs
0000828a   _ECAN0INTA_ISR
00008294   _ECAN1INTA_ISR
000081a4   _ECAP1_INT_ISR
000081ae   _ECAP2_INT_ISR
000081b8   _ECAP3_INT_ISR
0000a380   _ECanaLAMRegs
0000a3c0   _ECanaMOTORegs
0000a400   _ECanaMOTSRegs
00000680   _ECanaMboxes
00000002   _ECanaRegs
0000a320   _ECap1Regs
0000a740   _ECap2Regs
0000a760   _ECap3Regs
00008348   _EMPTY_ISR
00008028   _EMUINT_ISR
00008154   _EPWM1_INT_ISR
00008104   _EPWM1_TZINT_ISR
0000815e   _EPWM2_INT_ISR
0000810e   _EPWM2_TZINT_ISR
00008168   _EPWM3_INT_ISR
00008118   _EPWM3_TZINT_ISR
00008172   _EPWM4_INT_ISR
00008122   _EPWM4_TZINT_ISR
0000817c   _EPWM5_INT_ISR
0000812c   _EPWM5_TZINT_ISR
00008186   _EPWM6_INT_ISR
00008136   _EPWM6_TZINT_ISR
00008190   _EPWM7_INT_ISR
00008140   _EPWM7_TZINT_ISR
0000819a   _EPWM8_INT_ISR
0000814a   _EPWM8_TZINT_ISR
0000a440   _EPwm1Regs
0000a480   _EPwm2Regs
0000a4c0   _EPwm3Regs
0000a500   _EPwm4Regs
0000a540   _EPwm5Regs
0000a580   _EPwm6Regs
0000a5c0   _EPwm7Regs
0000a600   _EPwm8Regs
000081c2   _EQEP1_INT_ISR
000081cc   _EQEP2_INT_ISR
0000a680   _EQep1Regs
0000a6c0   _EQep2Regs
0000a6bf   _EmuBMode
0000a6fc   _EmuKey
0000858d   _EnableInterrupts
0000849e   _ExtOscSel
0000a808   _FlashRegs
0000a6fa   _Flash_CPUScaleFactor
0000003e   _Flash_CallbackPtr
0000a640   _GpioCtrlRegs
0000a780   _GpioDataRegs
0000a7a0   _GpioIntRegs
000084ce   _Gpio_example1
000084d9   _Gpio_example2
000084fc   _Gpio_example3
00008518   _Gpio_select
0000824e   _I2CINT1A_ISR
00008258   _I2CINT2A_ISR
0000a700   _I2caRegs
0000803c   _ILLEGAL_ISR
00008000   _INT13_ISR
0000800a   _INT14_ISR
00000050   _InitFlash
000085ef   _InitGpio
000083e3   _InitPeripheralClocks
0000856e   _InitPieCtrl
00008596   _InitPieVectTable
00008395   _InitPll
00008369   _InitSysCtrl
00008466   _IntOsc1Sel
00008476   _IntOsc2Sel
0000833e   _LUF_ISR
00008334   _LVF_ISR
000081fe   _MRINTA_ISR
00008208   _MXINTA_ISR
0000a108   _McbspaRegs
00008032   _NMI_ISR
0000a6e2   _NmiIntruptRegs
00008355   _PIE_RESERVED
0000a6fd   _PartIdRegs
0000a6a2   _PieCtrlRegs
0000a140   _PieVectTable
0000a000   _PieVectTableInit
0000801e   _RTOSINT_ISR
00008262   _SCIRXINTA_ISR
00008276   _SCIRXINTB_ISR
0000826c   _SCITXINTA_ISR
00008280   _SCITXINTB_ISR
000081d6   _SPIRXINTA_ISR
000081ea   _SPIRXINTB_ISR
000081e0   _SPITXINTA_ISR
000081f4   _SPITXINTB_ISR
0000a722   _SciaRegs
0000a7c0   _ScibRegs
00008383   _ServiceDog
0000a7d0   _SpiaRegs
0000a7e0   _SpibRegs
000007d0   _SysCtrlRegs
0000a6bc   _SysPwrCtrlRegs
000080f0   _TINT0_ISR
000080a0   _USER10_ISR
000080aa   _USER11_ISR
000080b4   _USER12_ISR
00008046   _USER1_ISR
00008050   _USER2_ISR
0000805a   _USER3_ISR
00008064   _USER4_ISR
0000806e   _USER5_ISR
00008078   _USER6_ISR
00008082   _USER7_ISR
0000808c   _USER8_ISR
00008096   _USER9_ISR
000080fa   _WAKEINT_ISR
000080d2   _XINT1_ISR
000080dc   _XINT2_ISR
0000832a   _XINT3_ISR
0000a7f0   _XIntruptRegs
0000848a   _XtalOscSel
00000680   __STACK_END
00000200   __STACK_SIZE
00000001   __TI_args_main
ffffffff   ___binit__
ffffffff   ___c_args__
0000006f   ___cinit__
00008615   ___etext__
ffffffff   ___pinit__
00008000   ___text__
000085bb   __args_main
0000a104   __cleanup_ptr
0000a106   __dtors_ptr
0000a102   __lock
0000860c   __nop
00008608   __register_lock
00008604   __register_unlock
00000480   __stack
0000a100   __unlock
000085d6   _abort
00008528   _c_int00
000084c3   _delay_loop
000085d8   _exit
000084b4   _main
0000835f   _rsvd_ISR
ffffffff   binit
0000006f   cinit
00000000   code_start
00008615   etext
ffffffff   pinit


GLOBAL SYMBOLS: SORTED BY Symbol Address 

address    name
--------   ----
00000000   code_start
00000001   __TI_args_main
00000002   _ECanaRegs
00000036   _CpuTimer0Regs
0000003e   _Flash_CallbackPtr
00000040   _AdcResult
00000050   _InitFlash
0000006b   _DSP28x_usDelay
0000006f   ___cinit__
0000006f   cinit
00000200   __STACK_SIZE
00000480   __stack
00000680   _ECanaMboxes
00000680   __STACK_END
00000780   _AdcRegs
000007d0   _SysCtrlRegs
00008000   .text
00008000   _INT13_ISR
00008000   ___text__
0000800a   _INT14_ISR
00008014   _DATALOG_ISR
0000801e   _RTOSINT_ISR
00008028   _EMUINT_ISR
00008032   _NMI_ISR
0000803c   _ILLEGAL_ISR
00008046   _USER1_ISR
00008050   _USER2_ISR
0000805a   _USER3_ISR
00008064   _USER4_ISR
0000806e   _USER5_ISR
00008078   _USER6_ISR
00008082   _USER7_ISR
0000808c   _USER8_ISR
00008096   _USER9_ISR
000080a0   _USER10_ISR
000080aa   _USER11_ISR
000080b4   _USER12_ISR
000080be   _ADCINT1_ISR
000080c8   _ADCINT2_ISR
000080d2   _XINT1_ISR
000080dc   _XINT2_ISR
000080e6   _ADCINT9_ISR
000080f0   _TINT0_ISR
000080fa   _WAKEINT_ISR
00008104   _EPWM1_TZINT_ISR
0000810e   _EPWM2_TZINT_ISR
00008118   _EPWM3_TZINT_ISR
00008122   _EPWM4_TZINT_ISR
0000812c   _EPWM5_TZINT_ISR
00008136   _EPWM6_TZINT_ISR
00008140   _EPWM7_TZINT_ISR
0000814a   _EPWM8_TZINT_ISR
00008154   _EPWM1_INT_ISR
0000815e   _EPWM2_INT_ISR
00008168   _EPWM3_INT_ISR
00008172   _EPWM4_INT_ISR
0000817c   _EPWM5_INT_ISR
00008186   _EPWM6_INT_ISR
00008190   _EPWM7_INT_ISR
0000819a   _EPWM8_INT_ISR
000081a4   _ECAP1_INT_ISR
000081ae   _ECAP2_INT_ISR
000081b8   _ECAP3_INT_ISR
000081c2   _EQEP1_INT_ISR
000081cc   _EQEP2_INT_ISR
000081d6   _SPIRXINTA_ISR
000081e0   _SPITXINTA_ISR
000081ea   _SPIRXINTB_ISR
000081f4   _SPITXINTB_ISR
000081fe   _MRINTA_ISR
00008208   _MXINTA_ISR
00008212   _DINTCH1_ISR
0000821c   _DINTCH2_ISR
00008226   _DINTCH3_ISR
00008230   _DINTCH4_ISR
0000823a   _DINTCH5_ISR
00008244   _DINTCH6_ISR
0000824e   _I2CINT1A_ISR
00008258   _I2CINT2A_ISR
00008262   _SCIRXINTA_ISR
0000826c   _SCITXINTA_ISR
00008276   _SCIRXINTB_ISR
00008280   _SCITXINTB_ISR
0000828a   _ECAN0INTA_ISR
00008294   _ECAN1INTA_ISR
0000829e   _ADCINT3_ISR
000082a8   _ADCINT4_ISR
000082b2   _ADCINT5_ISR
000082bc   _ADCINT6_ISR
000082c6   _ADCINT7_ISR
000082d0   _ADCINT8_ISR
000082da   _CLA1_INT1_ISR
000082e4   _CLA1_INT2_ISR
000082ee   _CLA1_INT3_ISR
000082f8   _CLA1_INT4_ISR
00008302   _CLA1_INT5_ISR
0000830c   _CLA1_INT6_ISR
00008316   _CLA1_INT7_ISR
00008320   _CLA1_INT8_ISR
0000832a   _XINT3_ISR
00008334   _LVF_ISR
0000833e   _LUF_ISR
00008348   _EMPTY_ISR
00008355   _PIE_RESERVED
0000835f   _rsvd_ISR
00008369   _InitSysCtrl
00008383   _ServiceDog
0000838d   _DisableDog
00008395   _InitPll
000083e3   _InitPeripheralClocks
00008435   _CsmUnlock
00008466   _IntOsc1Sel
00008476   _IntOsc2Sel
0000848a   _XtalOscSel
0000849e   _ExtOscSel
000084b4   _main
000084c3   _delay_loop
000084ce   _Gpio_example1
000084d9   _Gpio_example2
000084fc   _Gpio_example3
00008518   _Gpio_select
00008528   _c_int00
0000856e   _InitPieCtrl
0000858d   _EnableInterrupts
00008596   _InitPieVectTable
000085bb   __args_main
000085d6   C$$EXIT
000085d6   _abort
000085d8   _exit
000085ef   _InitGpio
00008604   __register_unlock
00008608   __register_lock
0000860c   __nop
00008615   ___etext__
00008615   etext
0000a000   _PieVectTableInit
0000a100   __unlock
0000a102   __lock
0000a104   __cleanup_ptr
0000a106   __dtors_ptr
0000a108   _McbspaRegs
0000a12c   _CsmRegs
0000a13c   _DevEmuRegs
0000a140   _PieVectTable
0000a240   _DmaRegs
0000a320   _ECap1Regs
0000a340   _Cla1Regs
0000a380   _ECanaLAMRegs
0000a3c0   _ECanaMOTORegs
0000a400   _ECanaMOTSRegs
0000a440   _EPwm1Regs
0000a480   _EPwm2Regs
0000a4c0   _EPwm3Regs
0000a500   _EPwm4Regs
0000a540   _EPwm5Regs
0000a580   _EPwm6Regs
0000a5c0   _EPwm7Regs
0000a600   _EPwm8Regs
0000a640   _GpioCtrlRegs
0000a680   _EQep1Regs
0000a6a2   _PieCtrlRegs
0000a6bc   _SysPwrCtrlRegs
0000a6bf   _EmuBMode
0000a6c0   _EQep2Regs
0000a6e2   _NmiIntruptRegs
0000a6f2   _CpuTimer1Regs
0000a6fa   _Flash_CPUScaleFactor
0000a6fc   _EmuKey
0000a6fd   _PartIdRegs
0000a700   _I2caRegs
0000a722   _SciaRegs
0000a732   _CpuTimer2Regs
0000a740   _ECap2Regs
0000a760   _ECap3Regs
0000a780   _GpioDataRegs
0000a7a0   _GpioIntRegs
0000a7c0   _ScibRegs
0000a7d0   _SpiaRegs
0000a7e0   _SpibRegs
0000a7f0   _XIntruptRegs
0000a800   _CsmPwl
0000a808   _FlashRegs
0000a810   _Comp1Regs
0000a817   _Comp2Regs
0000a81e   _Comp3Regs
ffffffff   ___binit__
ffffffff   ___c_args__
ffffffff   ___pinit__
ffffffff   binit
ffffffff   pinit

[190 symbols]
